******************************************************************************
            TI ARM Clang Linker PC v3.2.2                      
******************************************************************************
>> Linked Tue Mar 25 17:50:51 2025

OUTPUT FILE NAME:   <basic_persistent_LP_EM_CC2340R5_freertos_ticlang.out>
ENTRY POINT SYMBOL: "resetISR"  address: 0002cdc1


MEMORY CONFIGURATION

         name            origin    length      used     unused   attr    fill
----------------------  --------  ---------  --------  --------  ----  --------
  MCUBOOT_SLOT          00000000   00005000  00000000  00005000  R  X
  PERSISTENT_HDR_SLOT   00005000   00000100  00000000  00000100  R  X
  PERSISTENT_SLOT       00005100   0002cf00  0002c57b  00000985  R  X
  APP_HDR_SLOT          00032000   00000100  00000000  00000100  R  X
  APP_SLOT              00032100   00049f00  00000000  00049f00  R  X
  NVS_SLOT              0007c000   00004000  00004000  00000000  R  X
  SRAM                  20000000   00009000  00007d18  000012e8  RW X
  S2RRAM                40098000   00001000  00000000  00001000  RW  
  CCFG                  4e020000   00000800  00000800  00000000  R   
  LOG_DATA              90000000   00040000  00000000  00040000  R   
  LOG_PTR               94000008   00040000  00000000  00040000  R   


SEGMENT ALLOCATION MAP

run origin  load origin   length   init length attrs members
----------  ----------- ---------- ----------- ----- -------
00005100    00005100    0002c584   0002c584    r-x
  00005100    00005100    0000008c   0000008c    r-- .resetVecs
  00005190    00005190    00028a7e   00028a7e    r-x .text
  0002dc10    0002dc10    000036ed   000036ed    r-- .rodata
  00031300    00031300    00000384   00000384    r-- .cinit
0007c000    0007c000    00004000   00000000    rw-
  0007c000    0007c000    00004000   00000000    rw- .TI.bound:flashBuf0
20000400    20000400    00000020   00000000    rw-
  20000400    20000400    00000010   00000000    rw- .TI.bound:dmaChannel0ControlTableEntry
  20000410    20000410    00000010   00000000    rw- .TI.bound:dmaChannel1ControlTableEntry
20000440    20000440    00000020   00000000    rw-
  20000440    20000440    00000010   00000000    rw- .TI.bound:dmaChannel4ControlTableEntry
  20000450    20000450    00000010   00000000    rw- .TI.bound:dmaChannel5ControlTableEntry
20000460    20000460    0000784f   00000000    rw-
  20000460    20000460    00006ccd   00000000    rw- .bss
  20007130    20007130    00000b7f   00000000    rw- .data
20008c00    20008c00    00000400   00000000    rw-
  20008c00    20008c00    00000400   00000000    rw- .stack
4e020000    4e020000    00000800   00000800    r--
  4e020000    4e020000    00000800   00000800    r-- .ccfg


SECTION ALLOCATION MAP

 output                                  attributes/
section   page    origin      length       input sections
--------  ----  ----------  ----------   ----------------
.resetVecs 
*          0    00005100    0000008c     
                  00005100    0000008c     ti_freertos_config.o (.resetVecs)

.text      0    00005190    00028a7e     
                  00005190    00000cb8     rcl_cc23x0r5.a : ble5.c.obj (.text.RCL_Handler_BLE5_adv)
                  00005e48    000009b4     OneLib.a : OneLib_LL_ble.obj (.text.llProcessPeripheralControlPacket)
                  000067fc    000007c4     StackWrapper.a : StackWrapper_Host_gapbondmgr.obj (.text.GAPBondMgr_ProcessGAPMsg)
                  00006fc0    000005fc     OneLib.a : OneLib_LL_ll_scheduler.obj (.text.llScheduler)
                  000075bc    000005b0              : OneLib_LL_ll_peripheral_end_causes.obj (.text.llProcessPeripheralControlProcedures)
                  00007b6c    0000057c              : OneLib_LL_ll_adv_end_causes.obj (.text.llAdv_TaskConnect)
                  000080e8    00000510     nvocmp.o (.text.NVOCMP_compactPage)
                  000085f8    000004d8     nvocmp.o (.text.NVOCMP_initNvApi)
                  00008ad0    000004ac     rcl_cc23x0r5.a : ble5.c.obj (.text.RCL_Handler_BLE5_conn)
                  00008f7c    00000414     OneLib.a : OneLib_LL_ll_ae.obj (.text.llSetupExtAdvLegacy)
                  00009390    00000394              : OneLib_LL_ll_peripheral_end_causes.obj (.text.llPeripheral_TaskEnd)
                  00009724    00000380     ecc.a : scalarMul.c.obj (.text.SCALARMUL_core)
                  00009aa4    00000378     StackWrapper.a : StackWrapper_Host_gapbondmgr.obj (.text.GAPBondMgr_SetParameter)
                  00009e1c    00000330     ecc.a : scalarMul.c.obj (.text.ATOMICPATTERN)
                  0000a14c    0000032c     OneLib.a : OneLib_LL_ll_peripheral_end_causes.obj (.text.llSetupNextPeripheralEvent)
                  0000a478    00000328              : OneLib_LL_ll.obj (.text.LE_SetExtAdvEnable)
                  0000a7a0    00000310     ecc.a : lowlevelapi_m0_gnu.s.obj (.text)
                  0000aab0    00000300     rcl_cc23x0r5.a : LRFCC23X0.c.obj (.text.LRF_temperatureCompensateTrim)
                  0000adb0    000002dc     OneLib.a : OneLib_LL_ll.obj (.text.LE_SetExtAdvParams)
                  0000b08c    000002c8     rcl_cc23x0r5.a : LRF.c.obj (.text.LRF_applySettings)
                  0000b354    000002b0     OneLib.a : OneLib_LL_ll_common.obj (.text.llSetupCtrlPkt)
                  0000b604    000002a0     rcl_cc23x0r5.a : LRFCC23X0.c.obj (.text.LRF_programFrequency)
                  0000b8a4    00000284     StackWrapper.a : StackWrapper_Host_gapbondmgr.obj (.text.GAPBondMgr_ProcessEvent)
                  0000bb28    00000274     OneLib.a : OneLib_LL_ll_scheduler.obj (.text.llFindNextSecTask)
                  0000bd9c    00000270     oad_profile.o (.text.oadStateMachine)
                  0000c00c    00000268     OneLib.a : OneLib_LL_ll_common.obj (.text.llAllocConnId)
                  0000c274    00000248              : OneLib_LL_ll_isr.obj (.text.llRxEntryDoneEventHandleStateConnection)
                  0000c4bc    0000023c              : OneLib_Host_Profiles_gattservapp.obj (.text.GATTServApp_ReadAttr)
                  0000c6f8    00000228     nvocmp.o (.text.NVOCMP_addItem)
                  0000c920    00000228     rcl_cc23x0r5.a : adc_noise.c.obj (.text.RCL_Handler_ADC_Noise_getNoise)
                  0000cb48    00000228     OneLib.a : OneLib_LL_ll_common.obj (.text.llRealignConn)
                  0000cd70    0000021c     drivers_cc23x0r5.a : AESCCMLPF3.c.obj (.text.AESCCMLPF3_processSegmentedCBCMAC)
                  0000cf8c    0000021c     OneLib.a : OneLib_Host_GATT_gatt_client.obj (.text.gattClientProcessMsgCB)
                  0000d1a8    00000218     app_main.o (.text.sendUartToDataIn)
                  0000d3c0    00000214     drivers_cc23x0r5.a : UART2LPF3.c.obj (.text.UART2LPF3_hwiIntFxn)
                  0000d5d4    00000210     OneLib.a : OneLib_LL_ll.obj (.text.LL_Reset)
                  0000d7e4    00000208     rcl_cc23x0r5.a : RCL.c.obj (.text.rclCommandHwi)
                  0000d9ec    00000200     OneLib.a : OneLib_Host_SM_sm_rsppairing.obj (.text.smResponderSendNextKeyInfo)
                  0000dbec    000001f8              : OneLib_LL_ll_scheduler.obj (.text.llFindStartType)
                  0000dde4    000001e8              : OneLib_LL_ll_adv_end_causes.obj (.text.llExtAdv_PostProcess)
                  0000dfcc    000001e4              : OneLib_Host_SM_sm_pairing.obj (.text.smSavePairInfo)
                  0000e1b0    000001d8     ecc.a : scalarMul.c.obj (.text.INVERT)
                  0000e388    000001d8     drivers_cc23x0r5.a : RNGLPF3RF.c.obj (.text.RNGLPF3RF_conditionNoiseToGenerateSeed)
                  0000e560    000001d8     OneLib.a : OneLib_LL_ll_common.obj (.text.llProcessPeripheralConnectionCreated)
                  0000e738    000001d8     ti_freertos_config.o (.text.mq_open)
                  0000e910    000001cc     rcl_cc23x0r5.a : LRFCC23X0.c.obj (.text.LRF_setupRadio)
                  0000eadc    000001c4     OneLib.a : OneLib_Host_GAP_gap_advertiser.obj (.text.GapAdv_create)
                  0000eca0    000001c4              : OneLib_Host_GAP_gap_advertiser.obj (.text.gapAdv_controllerCb)
                  0000ee64    000001c0     drivers_cc23x0r5.a : AESCMACLPF3.c.obj (.text.AESCMACLPF3_startOperation)
                  0000f024    000001c0     OneLib.a : OneLib_LL_ll.obj (.text.LL_AddDeviceToResolvingList)
                  0000f1e4    000001ba     drivers_cc23x0r5.a : UART2.c.obj (.text.UART2_readTimeout)
                  0000f39e    00000002     ti_drivers_config.o (.text.Board_initHook)
                  0000f3a0    000001b4     OneLib.a : OneLib_Host_GAP_gap_task.obj (.text.gapProcessBLEEvents)
                  0000f554    000001a8     drivers_cc23x0r5.a : ECDHLPF3SW.c.obj (.text.ECDH_computeSharedSecret)
                  0000f6fc    000001a8     ecc.a : scalarMul.c.obj (.text.JACADD)
                  0000f8a4    000001a4           : scalarMul25519.c.obj (.text.X25519_core)
                  0000fa48    000001a0     ti_freertos_config.o (.text.PowerCC23X0_standbyPolicy)
                  0000fbe8    0000019c     OneLib.a : OneLib_LL_ll.obj (.text.LL_Init)
                  0000fd84    0000019c     drivers_cc23x0r5.a : UART2LPF3.c.obj (.text.UART2LPF3_initHw)
                  0000ff20    00000194     StackWrapper.a : StackWrapper_OSAL_osal.obj (.text.osal_run_system)
                  000100b4    00000188     OneLib.a : OneLib_LL_ll_common.obj (.text.llSelectConn)
                  0001023c    00000184     drivers_cc23x0r5.a : AESCCMLPF3.c.obj (.text.AESCCMLPF3_hwiFxn)
                  000103c0    00000180     OneLib.a : OneLib_Host_SM_sm_mgr.obj (.text.sm_f5)
                  00010540    0000017c     nvocmp.o (.text.NVOCMP_findItem)
                  000106bc    0000017c     drivers_cc23x0r5.a : UART2LPF3.c.obj (.text.UART2_open)
                  00010838    0000017c     StackWrapper.a : StackWrapper_Host_gapbondmgr.obj (.text.gapBondMgrAuthenticate)
                  000109b4    0000017c     OneLib.a : OneLib_Host_L2CAP_l2cap_task.obj (.text.l2capProcessReq)
                  00010b30    0000017c              : OneLib_Host_SM_sm_task.obj (.text.smProcessHCIBLEMetaEventCode)
                  00010cac    0000017a     drivers_cc23x0r5.a : AESCCMLPF3.c.obj (.text.AESCCMLPF3_oneStepOperation)
                  00010e26    00000002     app_connection.o (.text.Connection_HciGAPEventHandler)
                  00010e28    00000170     OneLib.a : OneLib_Host_Profiles_gattservapp.obj (.text.gattServApp_ProcessReadByGrpTypeReq)
                  00010f98    00000170              : OneLib_LL_ll_data.obj (.text.llDynamicAlloc)
                  00011108    0000016c              : OneLib_Host_GAP_gap_task.obj (.text.gapProcessHCICmdCompleteEvt)
                  00011274    0000016c              : OneLib_Host_GATT_gatt_server.obj (.text.gattServerProcessMsgCB)
                  000113e0    0000016c     ti_freertos_config.o (.text.prvTimerTask)
                  0001154c    00000168     OneLib.a : OneLib_LL_ll_ae.obj (.text.LE_AE_SetData)
                  000116b4    00000168              : OneLib_Host_Profiles_gattservapp.obj (.text.gattServApp_ProcessMsg)
                  0001181c    00000164     StackWrapper.a : StackWrapper_Host_gap.obj (.text.GAP_DeviceInit)
                  00011980    00000164     drivers_cc23x0r5.a : UART2.c.obj (.text.UART2_writeTimeoutBlocking)
                  00011ae4    00000160     ti_freertos_config.o (.text.timer_settime)
                  00011c44    0000015c     OneLib.a : OneLib_LL_ll_isr.obj (.text.LL_rclAdvRxEntryDone)
                  00011da0    0000015c     oad_profile.o (.text.oadInvokeFromFWContextOAD)
                  00011efc    00000158     OneLib.a : OneLib_LL_ll.obj (.text.LL_ProcessEvent)
                  00012054    00000158              : OneLib_Host_Profiles_gattservapp.obj (.text.gattServApp_ProcessReadByTypeReq)
                  000121ac    00000150              : OneLib_Host_GAP_gap_advertiser.obj (.text.GapAdv_enable)
                  000122fc    00000150              : OneLib_Host_Profiles_gattservapp.obj (.text.gattServApp_ProcessFindByTypeValueReq)
                  0001244c    00000150              : OneLib_LL_ll_common.obj (.text.llCombinePDU)
                  0001259c    00000150     rcl_cc23x0r5.a : RCL.c.obj (.text.rclStop)
                  000126ec    00000150     ti_freertos_config.o (.text.xQueueSemaphoreTake)
                  0001283c    0000014c     drivers_cc23x0r5.a : RNGLPF3RF.c.obj (.text.RNGLPF3RF_getValidatedNumber)
                  00012988    0000014c     OneLib.a : OneLib_LL_ll_common.obj (.text.llCalcConnMaxTimeLength)
                  00012ad4    00000140              : OneLib_LL_ll_common.obj (.text.llConnCleanup)
                  00012c14    00000140     rcl_cc23x0r5.a : RCL_Scheduler.c.obj (.text.rclSchedulerProcessCmdStartStopTime)
                  00012d54    0000013c     StackWrapper.a : StackWrapper_Host_gapbondmgr.obj (.text.gapBondMgrSaveBond)
                  00012e90    00000138     drivers_cc23x0r5.a : NVSLPF3.c.obj (.text.NVSLPF3_write)
                  00012fc8    00000130     ecc.a : ECCSW.c.obj (.text.ECCSW_validatePublicKeyWeierstrass)
                  000130f8    00000130     OneLib.a : OneLib_LL_ll_common.obj (.text.llGetNextConn)
                  00013228    00000130              : OneLib_LL_ll_isr.obj (.text.llLastCmdDoneEventHandleConnectRequest)
                  00013358    0000012c              : OneLib_LL_ll_scheduler.obj (.text.llExtAdvSchedSetup)
                  00013484    0000012a              : OneLib_Host_SM_sm_mgr.obj (.text.sm_CMAC)
                  000135ae    00000002     ble_user_config.o (.text.DefaultAssertCback)
                  000135b0    00000128     StackWrapper.a : StackWrapper_Host_gapbondmgr.obj (.text.gapBondMgrEraseBonding)
                  000136d8    00000128     OneLib.a : OneLib_LL_ll_scheduler.obj (.text.llCheckIsSecTaskCollideWithPrimTaskInLsto)
                  00013800    00000128     ti_freertos_config.o (.text.xQueueGenericSend)
                  00013928    00000120     drivers_cc23x0r5.a : ECDHLPF3SW.c.obj (.text.ECDH_generatePublicKey)
                  00013a48    0000011c     icall_POSIX.o (.text.ICall_waitMatch)
                  00013b64    0000011c     OneLib.a : OneLib_Host_L2CAP_l2cap_task.obj (.text.l2capProcessRsp)
                  00013c80    00000118              : OneLib_HCI_hci_event.obj (.text.LL_EnhancedConnectionCompleteCback)
                  00013d98    00000118     ble_stack_api.o (.text.bleStack_initGapBondParams)
                  00013eb0    00000118     OneLib.a : OneLib_Host_Profiles_gattservapp.obj (.text.gattServApp_ProcessReadMultiReq)
                  00013fc8    00000114              : OneLib_LL_ll_ae.obj (.text.llFindNextAdvSet)
                  000140dc    00000114              : OneLib_LL_ll_ae.obj (.text.llSetupExtHdr)
                  000141f0    00000114     StackWrapper.a : StackWrapper_OSAL_osal_timers.obj (.text.osalTimerUpdate)
                  00014304    00000114     ti_freertos_config.o (.text.xQueueReceive)
                  00014418    00000110     rcl_cc23x0r5.a : ble5.c.obj (.text.RCL_Handler_BLE5_updateTxBuffers)
                  00014528    00000110     OneLib.a : OneLib_Host_SM_sm_rsppairing.obj (.text.smpResponderProcessPairingRandom)
                  00014638    0000010c              : OneLib_LL_ll_al.obj (.text.AL_AddEntry)
                  00014744    0000010c     drivers_cc23x0r5.a : UART2LPF3.c.obj (.text.UART2Support_dmaStartRx)
                  00014850    0000010c     OneLib.a : OneLib_Host_GATT_gatt_client.obj (.text.gattProcessMultiReqs)
                  0001495c    0000010c     ti_freertos_config.o (.text.prvAddNewTaskToReadyList)
                  00014a68    00000108     OneLib.a : OneLib_Host_GATT_gatt_server.obj (.text.GATT_SendRsp)
                  00014b70    00000108              : OneLib_LL_ll.obj (.text.LL_ConnUpdate)
                  00014c78    00000108     rcl_cc23x0r5.a : ble5.c.obj (.text.RCL_Handler_BLE5_getAuxPtrFromTxBuffer)
                  00014d80    00000108     drivers_cc23x0r5.a : UART2.c.obj (.text.UART2_writeTimeoutNonblocking)
                  00014e88    00000108     OneLib.a : OneLib_LL_ll_ae.obj (.text.llAddAdvSortedEntry)
                  00014f90    00000108     ti_freertos_config.o (.text.xTaskIncrementTick)
                  00015098    00000104     OneLib.a : OneLib_Host_SM_sm_mgr.obj (.text.sm_f6)
                  0001519c    00000100     drivers_cc23x0r5.a : AESCTRDRBGXX.c.obj (.text.AESCTRDRBG_reseed)
                  0001529c    00000100     rcl_cc23x0r5.a : ble5.c.obj (.text.RCL_Handler_BLE5_updateAuxPtr)
                  0001539c    00000100     OneLib.a : OneLib_Host_GATT_gatt_server.obj (.text.gattProcessFindInfoReq)
                  0001549c    00000100              : OneLib_Host_GATT_gatt_client.obj (.text.gattProcessReadByType)
                  0001559c    00000100              : OneLib_Host_SM_sm_pairing.obj (.text.smProcessDataMsg)
                  0001569c    00000100     ti_freertos_config.o (.text.xTaskResumeAll)
                  0001579c    000000fe     drivers_cc23x0r5.a : AESCTRDRBGXX.c.obj (.text.AESCTRDRBG_getRandomBytes)
                  0001589a    00000002                        : ECDHLPF3SW.c.obj (.text.ECDH_init)
                  0001589c    000000fc                        : AESCTRDRBGXX.c.obj (.text.AESCTRDRBG_construct)
                  00015998    000000fc     OneLib.a : OneLib_LL_ll.obj (.text.LL_RemoveDeviceFromResolvingList)
                  00015a94    000000fc              : OneLib_LL_ll_common.obj (.text.llProcessAdvAddrResolutionTimeout)
                  00015b90    000000f8              : OneLib_Host_GAP_gap_advertiser.obj (.text.GapAdv_loadByHandle)
                  00015c88    000000f8              : OneLib_Host_GAP_gap_linkmgr.obj (.text.gapPairingCompleteCB)
                  00015d80    000000f8     ti_freertos_config.o (.text.pvPortMalloc)
                  00015e78    000000f8     OneLib.a : OneLib_Host_SM_sm_rsppairing.obj (.text.smResponderProcessLTKReq)
                  00015f70    000000f4              : OneLib_Host_SM_sm_rsppairing.obj (.text.smpResponderProcessIncoming)
                  00016064    000000f2     ecc.a : scalarMul.c.obj (.text.SCALARMUL_init)
                  00016156    00000002     rom_init.o (.text.MAP_LL_SDAA_Init)
                  00016158    000000f0     nvocmp.o (.text.NVOCMP_cleanPage)
                  00016248    000000f0     ecc.a : scalarMul.c.obj (.text.SCALARMUL_final)
                  00016338    000000f0     OneLib.a : OneLib_Host_SM_sm_mgr.obj (.text.SM_VerifyAuthenSig)
                  00016428    000000f0     StackWrapper.a : StackWrapper_Host_gapbondmgr.obj (.text.gapBondMgrUpdateCharCfg)
                  00016518    000000f0     OneLib.a : OneLib_Host_SM_sm_mgr.obj (.text.sm_c1new)
                  00016608    000000f0     ti_freertos_config.o (.text.xEventGroupWaitBits)
                  000166f8    000000ec     drivers_cc23x0r5.a : AESCCMLPF3.c.obj (.text.AESCCMLPF3_processOneStepCBCMACPolling)
                  000167e4    000000ec                        : PowerCC23X0.c.obj (.text.Power_init)
                  000168d0    000000ec     OneLib.a : OneLib_LL_ll_common.obj (.text.llConnExists)
                  000169bc    000000ec              : OneLib_LL_ll_data.obj (.text.llDynamicFree)
                  00016aa8    000000ec     rcl_cc23x0r5.a : RCL.c.obj (.text.rclSchedulerHwi)
                  00016b94    000000ec     OneLib.a : OneLib_Host_SM_sm_pairing.obj (.text.sm_c1)
                  00016c80    000000e8     bleapputil_process.o (.text.BLEAppUtil_convertGAPEvents)
                  00016d68    000000e8     rcl_cc23x0r5.a : RCL.c.obj (.text.rclDispatchHwi)
                  00016e50    000000e8     OneLib.a : OneLib_Host_GAP_gap_linkmgr.obj (.text.sendAuthEvent)
                  00016f38    000000e4              : OneLib_Host_SM_sm_pairing.obj (.text.SM_PasskeyUpdate)
                  0001701c    000000e4              : OneLib_Host_Profiles_gapgattserver.obj (.text.ggs_ReadAttrCB)
                  00017100    000000e0              : OneLib_Host_ATT_att_util.obj (.text.attSendMsg)
                  000171e0    000000e0              : OneLib_LL_ll_scheduler.obj (.text.llAllocTask)
                  000172c0    000000e0              : OneLib_Host_SM_sm_mgr.obj (.text.sm_f4)
                  000173a0    000000e0              : OneLib_Host_SM_sm_mgr.obj (.text.sm_g2)
                  00017480    000000dc              : OneLib_LL_ll_common.obj (.text.llSendConnEvtCallback)
                  0001755c    000000d8     ti_freertos_config.o (.text.pthread_create)
                  00017634    000000d8     ble_user_config_stack.o (.text.setBleUserConfig)
                  0001770c    000000d8     OneLib.a : OneLib_Host_SM_sm_rsppairing.obj (.text.smContPublicKeyExchange)
                  000177e4    000000d4     drivers_cc23x0r5.a : GPIOLPF3.c.obj (.text.GPIO_init)
                  000178b8    000000d4     OneLib.a : OneLib_LL_ll_ae.obj (.text.LL_GetAdvSet)
                  0001798c    000000d4     util.o (.text.Util_constructClock)
                  00017a60    000000d4     ble_stack_api.o (.text.bleStack_initGatt)
                  00017b34    000000d4     ecc.a : lowlevelapi.c.obj (.text.mSET)
                  00017c08    000000d0     OneLib.a : OneLib_Host_Profiles_gattservapp.obj (.text.gattServApp_IsWriteLong)
                  00017cd8    000000d0              : OneLib_Host_Profiles_gapgattserver.obj (.text.ggs_WriteAttrCB)
                  00017da8    000000d0              : OneLib_Host_SM_sm_pairing.obj (.text.smGenerateAddrInput)
                  00017e78    000000cc     StackWrapper.a : StackWrapper_Host_gapbondmgr.obj (.text.GAPBondMgr_FindAddr)
                  00017f44    000000cc     OneLib.a : OneLib_LL_ll.obj (.text.LL_TxData)
                  00018010    000000c8     drivers_cc23x0r5.a : PowerCC23X0.c.obj (.text.PowerCC23X0_oscillatorISR)
                  000180d8    000000c8     OneLib.a : OneLib_Host_GAP_gap_advertiser.obj (.text.gapAdv_init)
                  000181a0    000000c8     ecc.a : lowlevelapi.c.obj (.text.mINVK)
                  00018268    000000c4     drivers_cc23x0r5.a : AESCTRLPF3.c.obj (.text.AESCTRLPF3_startOperation)
                  0001832c    000000c4     OneLib.a : OneLib_LL_ll_common.obj (.text.llAlignToNextEvent)
                  000183f0    000000c4     ti_freertos_config.o (.text.xTaskRemoveFromEventList)
                  000184b4    000000c0     bleapputil_task.o (.text.BLEAppUtil_Task)
                  00018574    000000c0     OneLib.a : OneLib_LL_ll_privacy.obj (.text.LL_PRIV_UpdateExtALEntry)
                  00018634    000000c0     drivers_cc23x0r5.a : UART2LPF3.c.obj (.text.UART2Support_dmaStartTx)
                  000186f4    000000c0     StackWrapper.a : StackWrapper_OSAL_osal.obj (.text.osal_set_event)
                  000187b4    000000bc     OneLib.a : OneLib_Host_GAP_gap_linkmgr.obj (.text.GAP_Authenticate)
                  00018870    000000bc              : OneLib_LL_ll_enc.obj (.text.LL_ENC_GenerateDRBGRandNum)
                  0001892c    000000bc              : OneLib_Host_Profiles_gattservapp.obj (.text.gattServApp_ProcessPrepareWriteReq)
                  000189e8    000000bc              : OneLib_Host_SM_sm_rsppairing.obj (.text.smpResponderSendPairRspEvent)
                  00018aa4    000000ba     drivers_cc23x0r5.a : AESCMACLPF3.c.obj (.text.AESCMACLPF3_oneStepOperation)
                  00018b5e    00000002     rom_init.o (.text.MAP_LL_SDAA_SampleRXWindow)
                  00018b60    000000b8     OneLib.a : OneLib_Host_GATT_gatt_server.obj (.text.GATT_RegisterService)
                  00018c18    000000b6     drivers_cc23x0r5.a : AESCTRLPF3.c.obj (.text.AESCTRLPF3_oneStepOperation)
                  00018cce    00000002     rom_init.o (.text.MAP_gapInit_initiatingEnd)
                  00018cd0    000000b4     StackWrapper.a : StackWrapper_Host_gapbondmgr.obj (.text.GAPBondMgr_Init)
                  00018d84    000000b4     OneLib.a : OneLib_Host_GAP_gap_linkmgr.obj (.text.GAP_UpdateLinkParamReqReply)
                  00018e38    000000b4     nvocmp.o (.text.NVOCMP_erase)
                  00018eec    000000b4     OneLib.a : OneLib_Host_GAP_gap_linkmgr.obj (.text.gapProcessConnectionCompleteEvt)
                  00018fa0    000000b4              : OneLib_Host_L2CAP_l2cap_util.obj (.text.l2capDisconnectAllChannels)
                  00019054    000000b0              : OneLib_Host_SM_sm_mgr.obj (.text.SM_GenerateAuthenSig)
                  00019104    000000ac              : OneLib_Host_L2CAP_l2cap_task.obj (.text.L2CAP_Init)
                  000191b0    000000ac     oad_service.o (.text.OADService_setParameter)
                  0001925c    000000ac     oad_service.o (.text.OAD_AddService)
                  00019308    000000ac     oad_service.o (.text.OadWriteAttrCB)
                  000193b4    000000ac     StackWrapper.a : StackWrapper_Host_gapbondmgr.obj (.text.gapBondMgrEraseLocalInfo)
                  00019460    000000ac                    : StackWrapper_Host_gapbondmgr.obj (.text.gapBondMgr_syncResolvingList)
                  0001950c    000000ac     OneLib.a : OneLib_LL_ll_scheduler.obj (.text.llFreeTask)
                  000195b8    000000aa              : OneLib_LL_ll_common.obj (.text.llApplyParamUpdate)
                  00019662    00000002     rom_init.o (.text.MAP_gapInit_sendConnCancelledEvt)
                  00019664    000000a8     OneLib.a : OneLib_LL_ll.obj (.text.LL_EXT_GetConnInfo)
                  0001970c    000000a8              : OneLib_Host_GATT_gatt_client.obj (.text.gattProcessReliableWrites)
                  000197b4    000000a8              : OneLib_Host_GATT_gatt_task.obj (.text.gattProcessRxData)
                  0001985c    000000a8              : OneLib_Host_Profiles_gattservapp.obj (.text.gattServApp_HandleConnStatusCB)
                  00019904    000000a8              : OneLib_Host_SM_sm_mgr.obj (.text.generate_subkey)
                  000199ac    000000a8              : OneLib_Host_GAP_linkdb.obj (.text.linkDB_Add)
                  00019a54    000000a8     ti_freertos_config.o (.text.vTaskRemoveFromUnorderedEventList)
                  00019afc    000000a8     ti_freertos_config.o (.text.xQueueGenericSendFromISR)
                  00019ba4    000000a4     drivers_cc23x0r5.a : AESCCMLPF3.c.obj (.text.AESCCMLPF3_processSegmentedCTR)
                  00019c48    000000a4     OneLib.a : OneLib_Host_Profiles_gattservapp.obj (.text.GATTServApp_Init)
                  00019cec    000000a4              : OneLib_Host_GATT_gatt_task.obj (.text.GATT_bm_alloc)
                  00019d90    000000a4              : OneLib_LL_ll.obj (.text.LE_SetExtAdvData)
                  00019e34    000000a4              : OneLib_HCI_hci_data.obj (.text.LL_RxDataCompleteCback)
                  00019ed8    000000a4     rcl_cc23x0r5.a : LRF.c.obj (.text.LRF_TxPowerTable_findValue)
                  00019f7c    000000a4     OneLib.a : OneLib_Host_SM_sm_task.obj (.text.SM_ProcessEvent)
                  0001a020    000000a4     StackWrapper.a : StackWrapper_Host_gapbondmgr.obj (.text.gapBondStateStartSecurity)
                  0001a0c4    000000a4     OneLib.a : OneLib_Host_SM_sm_pairing.obj (.text.smF5Wrapper)
                  0001a168    000000a4              : OneLib_Host_SM_sm_pairing.obj (.text.smProcessEncryptChange)
                  0001a20c    000000a2              : OneLib_Host_GATT_gatt_server.obj (.text.GATT_VerifyWritePermissions)
                  0001a2ae    00000002     rom_init.o (.text.MAP_gapScan_processSessionEndEvt)
                  0001a2b0    000000a2     libclang_rt.builtins.a : udivmoddi4.S.obj (.text)
                  0001a352    00000002     rom_init.o (.text.MAP_gap_CentConnRegister)
                  0001a354    000000a0     rcl_cc23x0r5.a : RCL_Scheduler.c.obj (.text.rclSchedulerCancelStopTime)
                  0001a3f4    0000009c     drivers_cc23x0r5.a : AESECBLPF3.c.obj (.text.AESECBLPF3_startOperation)
                  0001a490    0000009c     OneLib.a : OneLib_LL_ll_isr.obj (.text.LL_rclAdvTxFinished)
                  0001a52c    0000009c     StackWrapper.a : StackWrapper_OSAL_osal_cbtimer.obj (.text.cbTimerSetup)
                  0001a5c8    0000009c     ti_freertos_config.o (.text.clock_gettime)
                  0001a664    0000009c     drivers_cc23x0r5.a : NVSLPF3.c.obj (.text.doErase)
                  0001a700    0000009c     OneLib.a : OneLib_LL_ll_scheduler.obj (.text.llCmdStartedEventHandle)
                  0001a79c    0000009c              : OneLib_LL_ll_ecc.obj (.text.ll_GenerateDHKey)
                  0001a838    0000009c              : OneLib_Host_SM_sm_pairing.obj (.text.smGetECCKeys)
                  0001a8d4    0000009c     ti_freertos_config.o (.text.vTaskSuspend)
                  0001a970    0000009a     OneLib.a : OneLib_Host_Profiles_gattservapp.obj (.text.gattServApp_ProcessWriteReq)
                  0001aa0a    00000002     rom_init.o (.text.MAP_l2capDisconnectChannel)
                  0001aa0c    00000098     OneLib.a : OneLib_LL_ll.obj (.text.LL_SetRandomAddress)
                  0001aaa4    00000098     rcl_cc23x0r5.a : RCL_Buffer.c.obj (.text.RCL_MultiBuffer_RxEntry_next)
                  0001ab3c    00000098     OneLib.a : OneLib_Host_Profiles_gattservapp.obj (.text.gattServApp_ProcessReadBlobReq)
                  0001abd4    00000098              : OneLib_Host_Profiles_gattservapp.obj (.text.gattServApp_SetNumPrepareWrites)
                  0001ac6c    00000098              : OneLib_LL_ll_common.obj (.text.llFindNextConn)
                  0001ad04    00000098     ti_freertos_config.o (.text.vTaskDelete)
                  0001ad9c    00000094     OneLib.a : OneLib_HCI_hci_event.obj (.text.HCI_CommandCompleteEvent)
                  0001ae30    00000094     icall_POSIX.o (.text.ICall_send)
                  0001aec4    00000094     OneLib.a : OneLib_LL_ll_privacy.obj (.text.LL_PRIV_AddExtALEntry)
                  0001af58    00000094     drivers_cc23x0r5.a : NVSLPF3.c.obj (.text.NVSLPF3_open)
                  0001afec    00000094     rcl_cc23x0r5.a : RCL_Scheduler.c.obj (.text.RCL_Scheduler_setStopTimes)
                  0001b080    00000094     OneLib.a : OneLib_Host_SM_sm_pairing.obj (.text.SM_StartPairing)
                  0001b114    00000094     ecc.a : scalarMul.c.obj (.text.SQUAREMULTIPLYWORD)
                  0001b1a8    00000094     OneLib.a : OneLib_Host_Profiles_gattservapp.obj (.text.gattServApp_ProcessReadReq)
                  0001b23c    00000094              : OneLib_Host_L2CAP_l2cap_util.obj (.text.l2capEncapSendData)
                  0001b2d0    00000094     StackWrapper.a : StackWrapper_OSAL_osal_cbtimer.obj (.text.osal_CbTimerProcessEvent)
                  0001b364    00000094     ti_freertos_config.o (.text.xQueueReceiveFromISR)
                  0001b3f8    00000008     drivers_cc23x0r5.a : AESCCMLPF3.c.obj (.text.AESCCM_init)
                  0001b400    00000092     driverlib.a : aes_ticlang.s.obj (.text)
                  0001b492    00000002     rom_init.o (.text.MAP_l2capGetCoChannelInfo)
                  0001b494    00000090     OneLib.a : OneLib_Host_GAP_gap_linkmgr.obj (.text.GAP_Bond)
                  0001b524    00000090              : OneLib_Host_L2CAP_l2cap_if.obj (.text.L2CAP_SendData)
                  0001b5b4    00000090     oad_profile.o (.text.OADProfile_start)
                  0001b644    00000090     rcl_cc23x0r5.a : RCL_Buffer.c.obj (.text.RCL_MultiBuffer_RxEntry_get)
                  0001b6d4    00000090     app_main.o (.text.appMain)
                  0001b764    00000090     OneLib.a : OneLib_Host_Profiles_gattservapp.obj (.text.gattServApp_EnqueueReTx)
                  0001b7f4    00000090              : OneLib_LL_ll_ae.obj (.text.llCompareSecondaryPrimaryTasksQoSParam)
                  0001b884    00000090              : OneLib_LL_ble.obj (.text.llManageControlPacketQueue)
                  0001b914    00000090              : OneLib_LL_ll_scheduler.obj (.text.llScheduleTask)
                  0001b9a4    00000090              : OneLib_LL_ll_ecc.obj (.text.ll_ReadLocalP256PublicKey)
                  0001ba34    00000090     osal_icall_ble.o (.text.osalInitTasks)
                  0001bac4    00000090     ti_freertos_config.o (.text.xQueueGenericReset)
                  0001bb54    00000090     ecc.a : lowlevelapi.c.obj (.text.zSUB)
                  0001bbe4    0000008e     OneLib.a : OneLib_Host_GATT_gatt_task.obj (.text.gattGetPayload)
                  0001bc72    0000008e              : OneLib_LL_ll_common.obj (.text.llValidateConnParams)
                  0001bd00    0000008c              : OneLib_Host_GATT_gatt_server.obj (.text.GATT_FindNextAttr)
                  0001bd8c    0000008c     rcl_cc23x0r5.a : RCL_AdcNoise.c.obj (.text.RCL_AdcNoise_get_samples_blocking)
                  0001be18    0000008c     OneLib.a : OneLib_Host_GATT_gatt_client.obj (.text.gattClientHandleConnStatusCB)
                  0001bea4    0000008c              : OneLib_Host_GATT_gatt_server.obj (.text.gattServerHandleConnStatusCB)
                  0001bf30    0000008c              : OneLib_Host_L2CAP_l2cap_util.obj (.text.l2capSendReq)
                  0001bfbc    0000008c     StackWrapper.a : StackWrapper_OSAL_osal.obj (.text.osal_msg_enqueue_push)
                  0001c048    0000008c     OneLib.a : OneLib_Host_SM_sm_pairing.obj (.text.smUpdateEncInfo)
                  0001c0d4    0000008c     ti_freertos_config.o (.text.vTaskPriorityDisinheritAfterTimeout)
                  0001c160    0000008c     ti_freertos_config.o (.text.xQueueGiveFromISR)
                  0001c1ec    0000008c     ti_freertos_config.o (.text.xTaskPriorityInherit)
                  0001c278    0000008a     ecc.a : lowlevelapi.c.obj (.text.zMACC32)
                  0001c302    00000002     rom_init.o (.text.MAP_l2capNotifyChannelEstEvt)
                  0001c304    00000088     drivers_cc23x0r5.a : AESCTRLPF3.c.obj (.text.AESCTRLPF3_processData)
                  0001c38c    00000088     StackWrapper.a : StackWrapper_Host_gapbondmgr.obj (.text.GAPBondMgr_ServiceChangeInd)
                  0001c414    00000088     OneLib.a : OneLib_Host_GATT_gatt_client.obj (.text.GATT_InitClient)
                  0001c49c    00000088              : OneLib_LL_ll_privacy.obj (.text.LL_PRIV_FindExtALEntry)
                  0001c524    00000088     nvocmp.o (.text.NVOCMP_getDstPage)
                  0001c5ac    00000088     StackWrapper.a : StackWrapper_ICallBLE_icall_lite_translation.obj (.text.icall_liteTranslation)
                  0001c634    00000088     OneLib.a : OneLib_Host_SM_sm_rsppairing.obj (.text.smpResponderProcessPairingConfirm)
                  0001c6bc    00000088     ti_freertos_config.o (.text.vTaskSwitchContext)
                  0001c744    00000088     ti_freertos_config.o (.text.xEventGroupSetBits)
                  0001c7cc    00000086     bleapputil_process.o (.text.BLEAppUtil_isStackEventRequired)
                  0001c852    00000086     OneLib.a : OneLib_LL_ll.obj (.text.LL_RemoteConnParamReqReply)
                  0001c8d8    00000086              : OneLib_LL_ll_common.obj (.text.llWriteTxData)
                  0001c95e    00000086              : OneLib_Host_SMP_smp.obj (.text.smpBuildPairingReqRsp)
                  0001c9e4    00000086              : OneLib_Host_SMP_smp.obj (.text.smpParsePairingReq)
                  0001ca6a    00000002     rom_init.o (.text.MAP_l2capNotifyChannelTermEvt)
                  0001ca6c    00000084     OneLib.a : OneLib_Host_Profiles_gattservapp.obj (.text.GATTServApp_WriteAttr)
                  0001caf0    00000084              : OneLib_LL_ll_privacy.obj (.text.LL_PRIV_FindPeerInRL)
                  0001cb74    00000084     ti_freertos_config.o (.text._clock_abstime2ticks)
                  0001cbf8    00000084     OneLib.a : OneLib_Host_GATT_gatt_client.obj (.text.gattProcessWriteLong)
                  0001cc7c    00000084              : OneLib_Host_Profiles_gattservapp.obj (.text.gattServApp_ProcessReliableWrites)
                  0001cd00    00000084              : OneLib_Host_L2CAP_l2cap_task.obj (.text.l2capProcessRxData)
                  0001cd84    00000084              : OneLib_LL_ll_common.obj (.text.llProcessTxData)
                  0001ce08    00000084     ti_freertos_config.o (.text.memalign)
                  0001ce8c    00000084     rcl_cc23x0r5.a : RCL_Scheduler.c.obj (.text.rclSchedulerSetNewStopTime)
                  0001cf10    00000084     OneLib.a : OneLib_Host_SM_sm_pairing.obj (.text.smGenerateDHKeyCheck)
                  0001cf94    00000084     ti_freertos_config.o (.text.timer_create)
                  0001d018    00000084     driverlib.a : udma.c.obj (.text.uDMASetChannelTransfer)
                  0001d09c    00000080     drivers_cc23x0r5.a : AESCTRLPF3.c.obj (.text.AESCTRLPF3_hwiFxn)
                  0001d11c    00000080     OneLib.a : OneLib_Host_L2CAP_l2cap_task.obj (.text.L2CAP_ProcessEvent)
                  0001d19c    00000080              : OneLib_LL_ll.obj (.text.LL_EXT_GetActiveConnInfo)
                  0001d21c    00000080              : OneLib_Host_Profiles_gattservapp.obj (.text.gattServApp_buildReadByTypeRsp)
                  0001d29c    00000080              : OneLib_LL_ll_common.obj (.text.llCheckAcceptListUsage)
                  0001d31c    00000080              : OneLib_LL_ll_common.obj (.text.llReplaceCtrlPkt)
                  0001d39c    00000080              : OneLib_LL_ble.obj (.text.llReplaceRxBuffers)
                  0001d41c    00000080     ti_freertos_config.o (.text.prvAddCurrentTaskToDelayedList)
                  0001d49c    00000080     OneLib.a : OneLib_Host_SM_sm_task.obj (.text.smProcessHCIBLEEventCode)
                  0001d51c    0000007e     ecc.a : scalarMul25519.c.obj (.text.X25519_final)
                  0001d59a    00000002     rom_init.o (.text.MAP_l2capProcessConnectReq)
                  0001d59c    0000007c     ti_freertos_config.o (.text.ClockP_startup)
                  0001d618    0000007c     OneLib.a : OneLib_Host_GATT_gatt_server.obj (.text.GATT_ServiceChangedInd)
                  0001d694    0000007c              : OneLib_Host_L2CAP_l2cap_if.obj (.text.L2CAP_ConnParamUpdateReq)
                  0001d710    0000007c              : OneLib_LL_ll_privacy.obj (.text.LL_PRIV_CheckRLPeerIdEntry)
                  0001d78c    0000007c     StackWrapper.a : StackWrapper_Host_gapbondmgr.obj (.text.gapBondMgr_SyncCharCfg)
                  0001d808    0000007c     OneLib.a : OneLib_Host_GAP_gap_task.obj (.text.gapProcessOSALMsg)
                  0001d884    0000007c              : OneLib_LL_ll_common.obj (.text.llCBTimer_AptoExpiredCback)
                  0001d900    0000007c              : OneLib_LL_ll_common.obj (.text.llVerifyConnParamReqParams)
                  0001d97c    0000007c     drivers_cc23x0r5.a : TemperatureLPF3.c.obj (.text.temperatureEventCb)
                  0001d9f8    0000007c     ti_freertos_config.o (.text.xTaskPriorityDisinherit)
                  0001da74    0000007a     OneLib.a : OneLib_Host_GATT_gatt_client.obj (.text.gattResetClientInfo)
                  0001daee    00000002     rom_init.o (.text.MAP_llBuildCtrlPktCent)
                  0001daf0    00000078     drivers_cc23x0r5.a : AESCMACLPF3.c.obj (.text.AESCMACLPF3_getResult)
                  0001db68    00000078                        : AESECBLPF3.c.obj (.text.AESECB_oneStepEncrypt)
                  0001dbe0    00000078     ti_freertos_config.o (.text.ClockP_hwiCallback)
                  0001dc58    00000078     ecc.a : ECCSW.c.obj (.text.ECCSW_validatePrivateKeyWeierstrass)
                  0001dcd0    00000078     ti_freertos_config.o (.text.HwiP_construct)
                  0001dd48    00000078     icall_POSIX.o (.text.ICall_setTimer)
                  0001ddc0    00000078     OneLib.a : OneLib_LL_ll_enc.obj (.text.LL_ENC_Decrypt)
                  0001de38    00000078              : OneLib_LL_ll.obj (.text.LL_EXT_SetMaxDataLen)
                  0001deb0    00000078     nvocmp.o (.text.NVOCMP_writeItemApi)
                  0001df28    00000078     rcl_cc23x0r5.a : RCL_Scheduler.c.obj (.text.RCL_Scheduler_findStopStatus)
                  0001dfa0    00000078     OneLib.a : OneLib_Host_GAP_gap_perilinkmgr.obj (.text.gapPeriProcessSignalEvt)
                  0001e018    00000078              : OneLib_Host_GAP_gap_task.obj (.text.gapProcessCommandStatusEvt)
                  0001e090    00000078     rcl_cc23x0r5.a : hal_cc23x0.c.obj (.text.hal_init_fsm)
                  0001e108    00000078     StackWrapper.a : StackWrapper_OSAL_osal.obj (.text.osal_msg_receive)
                  0001e180    00000078     OneLib.a : OneLib_Host_GAP_gap_linkmgr.obj (.text.sendEstLinkEvent)
                  0001e1f8    00000078     libc.a : copy_decompress_lzss.c.obj (.text:decompress:lzss)
                  0001e270    00000076     drivers_cc23x0r5.a : AESCTRDRBGXX.c.obj (.text.AESCTRDRBGXX_updateState)
                  0001e2e6    00000076     OneLib.a : OneLib_LL_ll_common.obj (.text.llFragmentPDU)
                  0001e35c    00000076     ti_freertos_config.o (.text.prvCopyDataToQueue)
                  0001e3d2    00000002     rom_init.o (.text.MAP_llClearPeriodicAdvSets)
                  0001e3d4    00000074     drivers_cc23x0r5.a : BatMonSupportLPF3.c.obj (.text.BatMonSupportLPF3_init)
                  0001e448    00000074     app_connection.o (.text.Connection_ConnEventHandler)
                  0001e4bc    00000074     StackWrapper.a : StackWrapper_Host_gap.obj (.text.GAP_DeviceInit_validate_params)
                  0001e530    00000074     OneLib.a : OneLib_Host_Profiles_gattservapp.obj (.text.GATTServApp_ProcessEvent)
                  0001e5a4    00000074              : OneLib_LL_ll_privacy.obj (.text.LL_PRIV_Init)
                  0001e618    00000074              : OneLib_Host_L2CAP_l2cap_util.obj (.text.l2capSendCmd)
                  0001e68c    00000074              : OneLib_LL_ll_common.obj (.text.llIsThereACollisionBetweenConn)
                  0001e700    00000074     ti_freertos_config.o (.text.prvInitialiseNewTask)
                  0001e774    00000074     ti_freertos_config.o (.text.prvUnlockQueue)
                  0001e7e8    00000074     OneLib.a : OneLib_Host_SM_sm_pairing.obj (.text.smOobSCAuthentication)
                  0001e85c    00000072              : OneLib_Host_GATT_gatt_server.obj (.text.GATT_VerifyReadPermissions)
                  0001e8ce    00000002     rom_init.o (.text.MAP_llClearPeriodicScanSets)
                  0001e8d0    00000070     OneLib.a : OneLib_LL_ll_al.obj (.text.AL_FindEntry)
                  0001e940    00000070              : OneLib_Host_GAP_gap_configmgr.obj (.text.GAP_GetDevAddress)
                  0001e9b0    00000070              : OneLib_Host_GATT_gatt_server.obj (.text.GATT_FindHandleUUID)
                  0001ea20    00000070              : OneLib_Host_GATT_gatt_server.obj (.text.GATT_InitServer)
                  0001ea90    00000070              : OneLib_HCI_hci_event.obj (.text.LL_PhyUpdateCompleteEventCback)
                  0001eb00    00000070     nvocmp.o (.text.NVOCMP_eraseNvApi)
                  0001eb70    00000070     nvocmp.o (.text.NVOCMP_readItemApi)
                  0001ebe0    00000070     drivers_cc23x0r5.a : PowerCC23X0.c.obj (.text.PowerCC23X0_startHFXT)
                  0001ec50    00000070     rcl_cc23x0r5.a : ble5.c.obj (.text.RCL_Handler_BLE5_findRfFreq)
                  0001ecc0    00000070     OneLib.a : OneLib_Host_SM_sm_rsppairing.obj (.text.SM_ResponderInit)
                  0001ed30    00000070     drivers_cc23x0r5.a : UART2LPF3.c.obj (.text.UART2Support_dmaStopTx)
                  0001eda0    00000070     StackWrapper.a : StackWrapper_Host_gapbondmgr.obj (.text.gapBondMgrSetStateFlagFromConnhandle)
                  0001ee10    00000070     OneLib.a : OneLib_Host_GATT_gatt_client.obj (.text.gattProcessFindInfo)
                  0001ee80    00000070     icall_POSIX.o (.text.icall_directAPI)
                  0001eef0    00000070     OneLib.a : OneLib_Host_L2CAP_l2cap_util.obj (.text.l2capAllocChannel)
                  0001ef60    00000070              : OneLib_Host_L2CAP_l2cap_task.obj (.text.l2capProcessOSALMsg)
                  0001efd0    00000070              : OneLib_LL_ll_common.obj (.text.llCreateCommonFeatureSet)
                  0001f040    00000070              : OneLib_LL_ll_common.obj (.text.llEstimateConnMinTimeLength)
                  0001f0b0    00000070     StackWrapper.a : StackWrapper_OSAL_osal_bufmgr.obj (.text.osal_bm_free)
                  0001f120    00000070                    : StackWrapper_OSAL_osal.obj (.text.osal_event_send)
                  0001f190    00000070     rcl_cc23x0r5.a : RCL_Scheduler.c.obj (.text.rclSchedulerFindEarliestStopTime)
                  0001f200    00000070                    : RCL.c.obj (.text.scheduleHook)
                  0001f270    00000070     OneLib.a : OneLib_Host_SM_sm_pairing.obj (.text.smFreePairingParams)
                  0001f2e0    0000006e              : OneLib_HCI_hci_event_raw.obj (.text.HCI_SendCommandCompleteEvent)
                  0001f34e    0000006c     drivers_cc23x0r5.a : CryptoUtils.c.obj (.text.CryptoUtils_reverseCopyPad)
                  0001f3ba    00000002     rom_init.o (.text.MAP_llCsClearConnProcedures)
                  0001f3bc    0000006c     OneLib.a : OneLib_Host_Profiles_gapgattserver.obj (.text.GGS_SetParameter)
                  0001f428    0000006c     drivers_cc23x0r5.a : GPIOLPF3.c.obj (.text.GPIO_setConfigAndMux)
                  0001f494    0000006c     OneLib.a : OneLib_LL_ll.obj (.text.LE_RemoveAdvSet)
                  0001f500    0000006c              : OneLib_LL_ll_enc.obj (.text.LL_ENC_Encrypt)
                  0001f56c    0000006c     nvocmp.o (.text.NVOCMP_getFreeNvApi)
                  0001f5d8    0000006c     nvocmp.o (.text.NVOCMP_readHeader)
                  0001f644    0000006c     ble_stack_api.o (.text.bleStk_initAdvSet)
                  0001f6b0    0000006c     OneLib.a : OneLib_Host_GAP_gap_perilinkmgr.obj (.text.gapPeriProcessConnUpdateCompleteEvt)
                  0001f71c    0000006c              : OneLib_Host_GAP_gap_configmgr.obj (.text.gapSendDeviceInitDoneEvent)
                  0001f788    0000006c              : OneLib_Host_GATT_gatt_client.obj (.text.gattProcessReadByGrpType)
                  0001f7f4    0000006c              : OneLib_Host_L2CAP_l2cap_util.obj (.text.l2capNotifyEvent)
                  0001f860    0000006c              : OneLib_Host_GAP_linkdb.obj (.text.linkDB_Authen)
                  0001f8cc    0000006c              : OneLib_LL_ble.obj (.text.llSetupConnRxDataEntryQueue)
                  0001f938    0000006c              : OneLib_LL_ll_ae.obj (.text.llUpdateSortedAdvList)
                  0001f9a4    0000006c     ti_freertos_config.o (.text.prvCheckForValidListAndQueue)
                  0001fa10    0000006c     ti_freertos_config.o (.text.vPortGetHeapStats)
                  0001fa7c    0000006a     OneLib.a : OneLib_LL_ll_common.obj (.text.llSetNextDataChan)
                  0001fae6    00000068     drivers_cc23x0r5.a : ECDHLPF3SW.c.obj (.text.ECDHLPF3SW_getKeyResult)
                  0001fb4e    00000002     rom_init.o (.text.MAP_llCsFreeAll)
                  0001fb50    00000068     OneLib.a : OneLib_Host_GAP_gap_task.obj (.text.GAP_ProcessEvent)
                  0001fbb8    00000068     icall_POSIX.o (.text.ICall_enrollService)
                  0001fc20    00000068     OneLib.a : OneLib_LL_ll.obj (.text.LE_ClearAdvSets)
                  0001fc88    00000068              : OneLib_LL_ll.obj (.text.LE_SetExtScanRspData)
                  0001fcf0    00000068              : OneLib_LL_ll_enc.obj (.text.LL_AESCCM_Init)
                  0001fd58    00000068              : OneLib_LL_ll_enc.obj (.text.LL_AESECB_Init)
                  0001fdc0    00000068              : OneLib_LL_ll_ae.obj (.text.LL_DisableAdvSets)
                  0001fe28    00000068              : OneLib_HCI_hci_event.obj (.text.LL_RemoteConnParamReqCback)
                  0001fe90    00000068              : OneLib_LL_ll.obj (.text.LL_WriteDefaultDataLen)
                  0001fef8    00000068     rcl_cc23x0r5.a : LRFCC23X0.c.obj (.text.LRF_setTrimCommon)
                  0001ff60    00000068     drivers_cc23x0r5.a : PowerCC23X0.c.obj (.text.Power_sleep)
                  0001ffc8    00000068     sw_update.o (.text.SwUpdate_Open)
                  00020030    00000068     sw_update.o (.text.SwUpdate_WriteBlock)
                  00020098    00000068     ti_freertos_config.o (.text._clock_gettimeMono)
                  00020100    00000068     OneLib.a : OneLib_Host_GAP_gap_linkmgr.obj (.text.gapProcessDisconnectCompleteEvt)
                  00020168    00000068              : OneLib_Host_GAP_gap_linkmgr.obj (.text.gapSendPairingReqEvent)
                  000201d0    00000068              : OneLib_Host_GATT_gatt_client.obj (.text.gattReadByType)
                  00020238    00000068              : OneLib_Host_L2CAP_l2cap_util.obj (.text.l2capParsePacket)
                  000202a0    00000068              : OneLib_Host_GAP_linkdb.obj (.text.linkDB_Init)
                  00020308    00000068              : OneLib_LL_ll_isr.obj (.text.llLastCmdDoneEventHandleStateAdv)
                  00020370    00000068     StackWrapper.a : StackWrapper_OSAL_osal_cbtimer.obj (.text.osal_CbTimerUpdate)
                  000203d8    00000068     ti_freertos_config.o (.text.prvIdleTask)
                  00020440    00000068     OneLib.a : OneLib_Host_SM_sm_rsppairing.obj (.text.smpResponderProcessCentralID)
                  000204a8    00000068              : OneLib_Host_SM_sm_rsppairing.obj (.text.smpResponderProcessPairingDHKeyCheck)
                  00020510    00000066     ecc.a : scalarMul.c.obj (.text.GETDIGITL2R)
                  00020576    00000066     OneLib.a : OneLib_Host_Profiles_gattservapp.obj (.text.gattServApp_ProcessExecuteWriteReq)
                  000205dc    00000066     ti_freertos_config.o (.text.xTaskCreateStatic)
                  00020642    00000002     rom_init.o (.text.MAP_llCsSetFeatureBit)
                  00020644    00000064     drivers_cc23x0r5.a : AESCommonLPF3.c.obj (.text.AESCommonLPF3_construct)
                  000206a8    00000064     bleapputil_init.o (.text.BLEAppUtil_stackInit)
                  0002070c    00000064     ti_freertos_config.o (.text.ClockP_start)
                  00020770    00000064     drivers_cc23x0r5.a : CryptoUtils.c.obj (.text.CryptoUtils_copyPad)
                  000207d4    00000064     OneLib.a : OneLib_HCI_hci_event.obj (.text.HCI_VendorSpecifcCommandCompleteEvent)
                  00020838    00000064     driverlib.a : interrupt.c.obj (.text.IntSetPriority)
                  0002089c    00000064     OneLib.a : OneLib_HCI_hci_event.obj (.text.LL_ReadLocalP256PublicKeyCompleteEventCback)
                  00020900    00000064     rcl_cc23x0r5.a : ble5.c.obj (.text.RCL_Handler_BLE5_updateConnStats)
                  00020964    00000064     drivers_cc23x0r5.a : UART2LPF3.c.obj (.text.UART2Support_dmaStopRx)
                  000209c8    00000064     StackWrapper.a : StackWrapper_Host_gapbondmgr.obj (.text.gapBondStateDoGATTDisc)
                  00020a2c    00000064     OneLib.a : OneLib_Host_Profiles_gattservapp.obj (.text.gattServApp_DequeueReTx)
                  00020a90    00000064              : OneLib_Host_L2CAP_l2cap_task.obj (.text.l2capProcessSignal)
                  00020af4    00000064              : OneLib_LL_ll_common.obj (.text.llEnqueueCtrlPkt)
                  00020b58    00000064     ti_freertos_config.o (.text.mq_send)
                  00020bbc    00000064     osal_icall_ble.o (.text.stack_main)
                  00020c20    00000064     ti_freertos_config.o (.text.xTaskCreate)
                  00020c84    00000062     StackWrapper.a : StackWrapper_Host_gapbondmgr.obj (.text.gapBondMgrBondReq)
                  00020ce6    00000002     rom_init.o (.text.MAP_llDmmDynamicFree)
                  00020ce8    00000060     drivers_cc23x0r5.a : AESCMACLPF3.c.obj (.text.AESCMACLPF3_hwiFxn)
                  00020d48    00000060     OneLib.a : OneLib_Host_ATT_att_util.obj (.text.ATT_ParsePacket)
                  00020da8    00000060     bleapputil_task.o (.text.BLEAppUtil_createBLEAppUtilTask)
                  00020e08    00000060     ti_freertos_config.o (.text.ClockP_stop)
                  00020e68    00000060     StackWrapper.a : StackWrapper_Host_gapbondmgr.obj (.text.GAPBondMgr_Pair)
                  00020ec8    00000060     OneLib.a : OneLib_Host_GAP_gap_advertiser.obj (.text.GapAdv_abortLoad)
                  00020f28    00000060              : OneLib_HCI_hci.obj (.text.HCI_HostNumCompletedPktCmd)
                  00020f88    00000060     icall_POSIX.o (.text.ICall_sendServiceComplete)
                  00020fe8    00000060     OneLib.a : OneLib_LL_ll.obj (.text.LL_EncLtkNegReply)
                  00021048    00000060              : OneLib_LL_ll_isr.obj (.text.LL_rclPeripheralCallback)
                  000210a8    00000060     nvocmp.o (.text.NVOCMP_compactNvApi)
                  00021108    00000060     app_pairing.o (.text.Pairing_pairStateHandler)
                  00021168    00000060     StackWrapper.a : StackWrapper_Host_gapbondmgr.obj (.text.gapBondMgrUpdateLruBondList)
                  000211c8    00000060     OneLib.a : OneLib_Host_GATT_gatt_client.obj (.text.gattProcessFindByTypeValue)
                  00021228    00000060              : OneLib_LL_ll_common.obj (.text.llDequeueCtrlPkt)
                  00021288    00000060              : OneLib_LL_ll_ae.obj (.text.llFindNextSecCmd)
                  000212e8    00000060              : OneLib_LL_ll_common.obj (.text.llQueryTxQueue)
                  00021348    00000060              : OneLib_LL_ll_ae.obj (.text.llSendAdvSetTermEvent)
                  000213a8    00000060              : OneLib_Host_SM_sm_rsppairing.obj (.text.smpResponderProcessPairingPublicKey)
                  00021408    0000005c     drivers_cc23x0r5.a : AESECBLPF3.c.obj (.text.AESECBLPF3_hwiFxn)
                  00021464    0000005c     bleapputil_stack_callbacks.o (.text.BLEAppUtil_advCB)
                  000214c0    0000005c     bleapputil_stack_callbacks.o (.text.BLEAppUtil_scanCB)
                  0002151c    0000005c     ti_freertos_config.o (.text.ClockP_walkQueueDynamic)
                  00021578    0000005c     drivers_cc23x0r5.a : CryptoResourceLPF3.c.obj (.text.CryptoResourceLPF3_constructRTOSObjects)
                  000215d4    0000005c     OneLib.a : OneLib_Host_GATT_gatt_server.obj (.text.GATT_Indication)
                  00021630    0000005c     icall_POSIX.o (.text.ICall_createRemoteTasksAtRuntime)
                  0002168c    0000005c     OneLib.a : OneLib_LL_ll.obj (.text.LL_Disconnect)
                  000216e8    0000005c              : OneLib_LL_ll.obj (.text.LL_SetAddressResolutionEnable)
                  00021744    0000005c     rcl_cc23x0r5.a : LRFCC23X0.c.obj (.text.LRF_setRxFifoEffSz)
                  000217a0    0000005c     nvocmp.o (.text.NVOCMP_checkItem)
                  000217fc    0000005c     StackWrapper.a : StackWrapper_Host_sm_ecc.obj (.text.SM_p256KeyCB)
                  00021858    0000005c                    : StackWrapper_Host_gapbondmgr.obj (.text.gapBondMgr_UpdateCharCfg)
                  000218b4    0000005c     OneLib.a : OneLib_Host_GAP_gap_configmgr.obj (.text.gap_ParamsInit)
                  00021910    0000005c              : OneLib_LL_ll_dfl.obj (.text.llDFLUpdateRanks)
                  0002196c    0000005c              : OneLib_LL_ll_common.obj (.text.llReleaseConnId)
                  000219c8    0000005c     StackWrapper.a : StackWrapper_OSAL_osal_timers.obj (.text.osal_timer_refTimeUpdate)
                  00021a24    0000005c     rcl_cc23x0r5.a : RCL.c.obj (.text.rclPowerNotify)
                  00021a80    0000005c     OneLib.a : OneLib_Host_SM_sm_rsppairing.obj (.text.smResponderAuthStageTwo)
                  00021adc    0000005c     ti_freertos_config.o (.text.xTaskCheckForTimeOut)
                  00021b38    0000005a     StackWrapper.a : StackWrapper_Host_gapbondmgr.obj (.text.GapBondMgr_GetPrevAuth)
                  00021b92    0000005a     nvocmp.o (.text.NVOCMP_verifyCRC)
                  00021bec    0000005a     OneLib.a : OneLib_Host_GAP_gap_devmgr.obj (.text.gapFindADType)
                  00021c46    0000005a              : OneLib_LL_ll_common.obj (.text.llValidateConnectIndPkt)
                  00021ca0    00000058     drivers_cc23x0r5.a : AESECBLPF3.c.obj (.text.AESECBLPF3_processData)
                  00021cf8    00000058     bleapputil_init.o (.text.BLEAppUtil_init)
                  00021d50    00000058     icall_POSIX.o (.text.ICall_fetchMsg)
                  00021da8    00000058     icall_POSIX.o (.text.ICall_workerThreadSendMsg)
                  00021e00    00000058     OneLib.a : OneLib_LL_ll_enc.obj (.text.LL_ENC_DecryptMsg)
                  00021e58    00000058              : OneLib_LL_ll_enc.obj (.text.LL_ENC_GenerateDRBGSeedNum)
                  00021eb0    00000058              : OneLib_LL_ll.obj (.text.LL_GenerateDHKeyCmd)
                  00021f08    00000058              : OneLib_HCI_hci_event_raw.obj (.text.LL_ReadRemoteUsedFeaturesCompleteCback)
                  00021f60    00000058     drivers_cc23x0r5.a : PowerCC23X0.c.obj (.text.Power_releaseDependency)
                  00021fb8    00000058                        : PowerCC23X0.c.obj (.text.Power_setDependency)
                  00022010    00000058     rcl_cc23x0r5.a : adc_noise.c.obj (.text.RCL_Handler_Adc_Noise_powerDown)
                  00022068    00000058     libclang_rt.builtins.a : clzsi2.c.obj (.text.__clzsi2)
                  000220c0    00000058     StackWrapper.a : StackWrapper_Host_gapbondmgr.obj (.text.gapBondMgrChangeState)
                  00022118    00000058     OneLib.a : OneLib_Host_GATT_gatt_client.obj (.text.gattProcessReadLong)
                  00022170    00000058              : OneLib_LL_ll_common.obj (.text.llAllocatePDU)
                  000221c8    00000058              : OneLib_LL_ll_isr.obj (.text.llLastCmdDoneEventHandleStatePeripheral)
                  00022220    00000058              : OneLib_LL_ll_scheduler.obj (.text.llSetTaskAdv)
                  00022278    00000058              : OneLib_LL_ll_common.obj (.text.llShellSortActiveConns)
                  000222d0    00000058              : OneLib_LL_ll_common.obj (.text.llTime2Octets)
                  00022328    00000058              : OneLib_LL_ll_ecc.obj (.text.ll_eccInit)
                  00022380    00000058     StackWrapper.a : StackWrapper_OSAL_osal_cbtimer.obj (.text.osal_CbTimerStop)
                  000223d8    00000058     ti_freertos_config.o (.text.pthread_exit)
                  00022430    00000058     OneLib.a : OneLib_Host_SM_sm_pairing.obj (.text.smDetermineIOCaps)
                  00022488    00000058              : OneLib_Host_SM_sm_pairing.obj (.text.smSendPublicKeys)
                  000224e0    00000058     ti_freertos_config.o (.text.vTaskPlaceOnUnorderedEventList)
                  00022538    00000056     libclang_rt.builtins.a : aeabi_idivmod.S.obj (.text.__aeabi_idivmod)
                  0002258e    00000056     OneLib.a : OneLib_Host_GATT_gatt_client.obj (.text.gattFindByTypeValue)
                  000225e4    00000056              : OneLib_Host_GATT_gatt_server.obj (.text.gattProcessReadMultiReq)
                  0002263a    00000056              : OneLib_LL_ll_common.obj (.text.llBuildCtrlPktPeri)
                  00022690    00000054     ti_drivers_config.o (.text.Board_shutDownExtFlash)
                  000226e4    00000054     OneLib.a : OneLib_Host_GAP_gap_perilinkmgr.obj (.text.GAP_SendPeripheralSecurityRequest)
                  00022738    00000054     icall_POSIX.o (.text.ICall_registerApp)
                  0002278c    00000054     OneLib.a : OneLib_LL_ll_enc.obj (.text.LL_ENC_AES128_Encrypt)
                  000227e0    00000054              : OneLib_HCI_hci_event.obj (.text.LL_GenerateDHKeyCompleteEventCback)
                  00022834    00000054              : OneLib_LL_ll_privacy.obj (.text.LL_PRIV_ClearExtAL)
                  00022888    00000054              : OneLib_LL_ll_privacy.obj (.text.LL_PRIV_GenerateRPA)
                  000228dc    00000054     rcl_cc23x0r5.a : LRFCC23X0.c.obj (.text.LRF_readRxFifoWords)
                  00022930    00000054     rom_init.o (.text.MAP_llInitFeatureSet)
                  00022984    00000054     rcl_cc23x0r5.a : RCL.c.obj (.text.RCL_Command_pend)
                  000229d8    00000054                    : RCL_Scheduler.c.obj (.text.RCL_Scheduler_setStartStopTimeEarliestStart)
                  00022a2c    00000054     OneLib.a : OneLib_Host_GAP_gap_linkmgr.obj (.text.gapPasskeyNeededCB)
                  00022a80    00000054              : OneLib_Host_GATT_gatt_task.obj (.text.gattNotifyEvent)
                  00022ad4    00000054              : OneLib_Host_Profiles_gattservapp.obj (.text.gattServApp_EnqueuePrepareWriteReq)
                  00022b28    00000054     rcl_cc23x0r5.a : hal_cc23x0.c.obj (.text.hal_check_clear_timer_compare)
                  00022b7c    00000054     OneLib.a : OneLib_LL_ll_common.obj (.text.llGetNextDataChanAlgo1)
                  00022bd0    00000054              : OneLib_LL_ll_scheduler.obj (.text.llLinkSchedSetup)
                  00022c24    00000054              : OneLib_LL_ll_ae.obj (.text.llNextChanIndex)
                  00022c78    00000054              : OneLib_LL_ll_common.obj (.text.llSetCodedMaxTxTime)
                  00022ccc    00000054              : OneLib_LL_ll_common.obj (.text.llVerifyCodedConnInterval)
                  00022d20    00000054     StackWrapper.a : StackWrapper_OSAL_osal_clock.obj (.text.osalAdjustTimer)
                  00022d74    00000054     OneLib.a : OneLib_Host_SM_sm_rsppairing.obj (.text.smpResponderProcessIdentityAddrInfo)
                  00022dc8    00000054     ti_freertos_config.o (.text.timer_gettime)
                  00022e1c    00000054     ti_freertos_config.o (.text.vTaskStartScheduler)
                  00022e70    00000054     ti_freertos_config.o (.text.xQueueGenericCreate)
                  00022ec4    00000054     ti_freertos_config.o (.text.xTimerGenericCommand)
                  00022f18    00000052     StackWrapper.a : StackWrapper_Host_gap.obj (.text.GAP_DeviceInit_per_role)
                  00022f6a    00000052     OneLib.a : OneLib_Host_GATT_gatt_client.obj (.text.gattPrepareWriteReq)
                  00022fbc    00000052              : OneLib_LL_ble.obj (.text.llMoveTempTxDataEntries)
                  0002300e    00000052              : OneLib_Host_SMP_smp.obj (.text.smSendSMMsg)
                  00023060    00000050     drivers_cc23x0r5.a : AESCCMLPF3.c.obj (.text.AESCCMLPF3_processB1withAAD)
                  000230b0    00000050                        : AESCTRLPF3.c.obj (.text.AESCTRLPF3_configDataDMA)
                  00023100    00000050     bleapputil_process.o (.text.BLEAppUtil_convertGATTEvents)
                  00023150    00000050     bleapputil_stack_callbacks.o (.text.BLEAppUtil_passcodeCB)
                  000231a0    00000050     drivers_cc23x0r5.a : ECCInitLPF3SW.c.obj (.text.ECCInitLPF3SW_NISTP256)
                  000231f0    00000050     OneLib.a : OneLib_Host_GAP_gap_linkmgr.obj (.text.GAP_Signable)
                  00023240    00000050              : OneLib_Host_GAP_gap_advertiser.obj (.text.GapAdv_setEventMask)
                  00023290    00000050     StackWrapper.a : StackWrapper_Host_gapbondmgr.obj (.text.GapBondMgr_StartEnc)
                  000232e0    00000050     OneLib.a : OneLib_HCI_hci_event.obj (.text.HCI_CommandStatusEvent)
                  00023330    00000050              : OneLib_LL_ll.obj (.text.LL_initRNGNoise)
                  00023380    00000050     ti_freertos_config.o (.text.MessageQueueP_post)
                  000233d0    00000050     drivers_cc23x0r5.a : RNGLPF3RF.c.obj (.text.RNG_construct)
                  00023420    00000050                        : UDMALPF3.c.obj (.text.UDMALPF3_init)
                  00023470    00000050     StackWrapper.a : StackWrapper_Host_gapbondmgr.obj (.text.gapBondMgrReadBonds)
                  000234c0    00000050                    : StackWrapper_Host_gapbondmgr.obj (.text.gapBondMgr_SupportsCentAddrRes)
                  00023510    00000050     OneLib.a : OneLib_Host_GAP_gap_perilinkmgr.obj (.text.gapPeriProcessConnEvt)
                  00023560    00000050              : OneLib_Host_GAP_gap_perilinkmgr.obj (.text.gap_PeriConnRegister)
                  000235b0    00000050              : OneLib_Host_L2CAP_l2cap_util.obj (.text.l2capAllocConnChannel)
                  00023600    00000050              : OneLib_Host_L2CAP_l2cap_util.obj (.text.l2capSendFCPkt)
                  00023650    00000050              : OneLib_Host_SM_sm_pairing.obj (.text.smProcessPairingReq)
                  000236a0    00000050              : OneLib_Host_SM_sm_mgr.obj (.text.sm_s1)
                  000236f0    0000004e              : OneLib_Host_ATT_att_util.obj (.text.ATT_CompareUUID)
                  0002373e    0000004e     ti_freertos_config.o (.text.realloc)
                  0002378c    0000004c     drivers_cc23x0r5.a : AESCommonLPF3.c.obj (.text.AESCommonLPF3_cleanup)
                  000237d8    0000004c     bleapputil_process.o (.text.BLEAppUtil_convertHCIGAPEvents)
                  00023824    0000004c     ti_drivers_config.o (.text.Board_sendExtFlashByte)
                  00023870    0000004c     OneLib.a : OneLib_Host_GAP_gap_linkmgr.obj (.text.GAP_PasscodeUpdate)
                  000238bc    0000004c              : OneLib_Host_GAP_gap_linkmgr.obj (.text.GAP_TerminateLinkReq)
                  00023908    0000004c     StackWrapper.a : StackWrapper_Host_gattservapp_util.obj (.text.GATTServApp_ProcessCCCWriteReq)
                  00023954    0000004c     OneLib.a : OneLib_Host_GATT_gatt_server.obj (.text.GATT_Notification)
                  000239a0    0000004c              : OneLib_HCI_hci_event.obj (.text.HCI_HardwareErrorEvent)
                  000239ec    0000004c              : OneLib_HCI_hci_event_raw.obj (.text.HCI_InitEventMasks)
                  00023a38    0000004c              : OneLib_HCI_hci_event.obj (.text.HCI_NumOfCompletedPacketsEvent)
                  00023a84    0000004c              : OneLib_LL_ll.obj (.text.LL_ClearResolvingList)
                  00023ad0    0000004c              : OneLib_LL_ll.obj (.text.LL_EncLtkReply)
                  00023b1c    0000004c     driverlib.a : lrfd.c.obj (.text.LRFDApplyClockDependencies)
                  00023b68    0000004c     rcl_cc23x0r5.a : LRFCC23X0.c.obj (.text.LRF_programTemperatureCompensatedTxPower)
                  00023bb4    0000004c                    : LRFCC23X0.c.obj (.text.LRF_writeTxFifoWords)
                  00023c00    0000004c     ti_freertos_config.o (.text.MessageQueueP_pend)
                  00023c4c    0000004c     app_peripheral.o (.text.Peripheral_GAPConnEventHandler)
                  00023c98    0000004c     rcl_cc23x0r5.a : ble5.c.obj (.text.RCL_Handler_BLE5_initAdvScanInitStats)
                  00023ce4    0000004c                    : RCL.c.obj (.text.RCL_open)
                  00023d30    0000004c     OneLib.a : OneLib_LL_ll_common.obj (.text.RfBleDpl_setConnPhy)
                  00023d7c    0000004c              : OneLib_LL_ll_common.obj (.text.RfBleDpl_setTxPower)
                  00023dc8    0000004c              : OneLib_Host_GAP_gap_configmgr.obj (.text.gapReadBufSizeCmdStatus)
                  00023e14    0000004c              : OneLib_Host_Profiles_gattservapp.obj (.text.gattServApp_ClearPrepareWriteQ)
                  00023e60    0000004c              : OneLib_LL_ll_common.obj (.text.llGenPrnE)
                  00023eac    0000004c              : OneLib_LL_ll_common.obj (.text.llInitFeatureSet)
                  00023ef8    0000004c              : OneLib_LL_ll_common.obj (.text.llProcessChanMap)
                  00023f44    0000004c              : OneLib_LL_ll_ae.obj (.text.llRemoveAdvSortedEntry)
                  00023f90    0000004c              : OneLib_LL_ll_scheduler.obj (.text.llSchedulerInit)
                  00023fdc    0000004c              : OneLib_LL_ll_scheduler.obj (.text.llSelectTaskAdv)
                  00024028    0000004c              : OneLib_LL_ll_ae.obj (.text.llSendAdvSetEndEvent)
                  00024074    0000004c              : OneLib_LL_ll_common.obj (.text.llSetStarvationMode)
                  000240c0    0000004c     StackWrapper.a : StackWrapper_OSAL_osal.obj (.text.osal_init_system)
                  0002410c    0000004c     ti_freertos_config.o (.text.removeThreadKeys)
                  00024158    0000004c     OneLib.a : OneLib_Host_SM_sm_pairing.obj (.text.smGenerateAddrInput_sPatch)
                  000241a4    0000004c              : OneLib_Host_SM_sm_pairing.obj (.text.sm_computeDHKey)
                  000241f0    0000004c     ti_freertos_config.o (.text.vPortFree)
                  0002423c    0000004c     ti_freertos_config.o (.text.vTaskStepTick)
                  00024288    0000004c     ti_freertos_config.o (.text.xTimerCreateTimerTask)
                  000242d4    0000004a     rcl_cc23x0r5.a : LRF.c.obj (.text.LRF_loadImage)
                  0002431e    0000004a     ti_freertos_config.o (.text.calloc)
                  00024368    0000004a     OneLib.a : OneLib_LL_ll_common.obj (.text.llGetNextDataChanAlgo2)
                  000243b2    0000004a     ecc.a : lowlevelapi.c.obj (.text.zADD32)
                  000243fc    00000048     drivers_cc23x0r5.a : AESCCMLPF3.c.obj (.text.AESCCMLPF3_processCTRCounterBlock)
                  00024444    00000048                        : AESCCMLPF3.c.obj (.text.AESCCMLPF3_processOneStepCTRPolling)
                  0002448c    00000048     bleapputil_process.o (.text.BLEAppUtil_callEventHandler)
                  000244d4    00000048     bleapputil_init.o (.text.BLEAppUtil_invokeFunction)
                  0002451c    00000048     bleapputil_process.o (.text.BLEAppUtil_processStackEvents)
                  00024564    00000048     bleapputil_stack_callbacks.o (.text.BLEAppUtil_processStackMsgCB)
                  000245ac    00000048     ti_freertos_config.o (.text.ClockP_construct)
                  000245f4    00000048     OneLib.a : OneLib_HCI_TL_hci_tl.obj (.text.HCI_ProcessEvent)
                  0002463c    00000048     icall_POSIX.o (.text.ICall_newTask)
                  00024684    00000048     driverlib.a : interrupt.c.obj (.text.IntSetPend)
                  000246cc    00000048     OneLib.a : OneLib_LL_ll_ae.obj (.text.LL_AE_Init)
                  00024714    00000048              : OneLib_HCI_hci_event.obj (.text.LL_ConnParamUpdateCback)
                  0002475c    00000048              : OneLib_HCI_hci_event.obj (.text.LL_ConnParamUpdateRejectCback)
                  000247a4    00000048              : OneLib_HCI_hci_event.obj (.text.LL_DataLengthChangeEventCback)
                  000247ec    00000048              : OneLib_HCI_hci_event.obj (.text.LL_EncLtkReqCback)
                  00024834    00000048              : OneLib_LL_ll.obj (.text.LL_RemoteConnParamReqNegReply)
                  0002487c    00000048              : OneLib_LL_ll.obj (.text.LL_SetResolvablePrivateAddressTimeout)
                  000248c4    00000048              : OneLib_LL_ll_isr.obj (.text.LL_rclAdvCallback)
                  0002490c    00000048     rcl_cc23x0r5.a : LRFCC23X0.c.obj (.text.LRF_setTemperatureTrim)
                  00024954    00000048     nvocmp.o (.text.NVOCMP_loadApiPtrsMin)
                  0002499c    00000048     nvocmp.o (.text.NVOCMP_readItem)
                  000249e4    00000048     drivers_cc23x0r5.a : NVS.c.obj (.text.NVS_open)
                  00024a2c    00000048                        : PowerCC23X0.c.obj (.text.PowerCC23X0_hfxtAmpsettledTimeout)
                  00024a74    00000048                        : PowerCC23X0.c.obj (.text.PowerLPF3_getHfxtAmpAdjustment)
                  00024abc    00000048     rcl_cc23x0r5.a : RCL.c.obj (.text.RCL_Command_submit)
                  00024b04    00000048                    : ble5.c.obj (.text.RCL_Handler_BLE5_findPbeErrorEndStatus)
                  00024b4c    00000048     drivers_cc23x0r5.a : Random.c.obj (.text.Random_seedAutomatic)
                  00024b94    00000048                        : RingBuf.c.obj (.text.RingBuf_put)
                  00024bdc    00000048                        : UART2.c.obj (.text.UART2_readFull)
                  00024c24    00000048     util.o (.text.Util_rescheduleClock)
                  00024c6c    00000048     ti_freertos_config.o (.text.__aeabi_errno_addr)
                  00024cb4    00000048     drivers_cc23x0r5.a : TemperatureLPF3.c.obj (.text.degreesToCode)
                  00024cfc    00000048     StackWrapper.a : StackWrapper_Host_gapbondmgr.obj (.text.gapBondStateStartNextGATTDisc)
                  00024d44    00000048     OneLib.a : OneLib_Host_GAP_gap_linkmgr.obj (.text.gapFreeAuthLink)
                  00024d8c    00000048              : OneLib_Host_GATT_gatt_server.obj (.text.gattProcessReadByGrpTypeReq)
                  00024dd4    00000048              : OneLib_Host_L2CAP_l2cap_util.obj (.text.l2capNotifySignal)
                  00024e1c    00000048              : OneLib_Host_L2CAP_l2cap_util.obj (.text.l2capSendPkt)
                  00024e64    00000048              : OneLib_Host_GAP_linkdb.obj (.text.linkDB_GetInfo)
                  00024eac    00000048              : OneLib_LL_ll_common.obj (.text.llCalcConnMissCount)
                  00024ef4    00000048              : OneLib_LL_ll_common.obj (.text.llSetPhy)
                  00024f3c    00000048     ti_freertos_config.o (.text.mq_receive)
                  00024f84    00000048     oad_profile.o (.text.oadResetState)
                  00024fcc    00000048     StackWrapper.a : StackWrapper_OSAL_osal.obj (.text.osal_msg_extract)
                  00025014    00000048     ti_freertos_config.o (.text.pthread_mutex_unlock)
                  0002505c    00000048     OneLib.a : OneLib_Host_GAP_gap_linkmgr.obj (.text.sendTerminateEvent)
                  000250a4    00000048              : OneLib_Host_SM_sm_rsppairing.obj (.text.smpResponderProcessSigningInfo)
                  000250ec    00000048     ti_freertos_config.o (.text.vTaskPlaceOnEventListRestricted)
                  00025134    00000046     icall_POSIX.o (.text.ICall_wait)
                  0002517a    00000046     OneLib.a : OneLib_LL_ll_privacy.obj (.text.LL_PRIV_ClearAllPrivIgn)
                  000251c0    00000046              : OneLib_LL_ll_privacy.obj (.text.LL_PRIV_RemoveInvalidPeerId)
                  00025206    00000046              : OneLib_HCI_hci_event_raw.obj (.text.LL_ReadRemoteVersionInfoCback)
                  0002524c    00000046     ti_freertos_config.o (.text.xQueueGenericCreateStatic)
                  00025292    00000002     rom_init.o (.text.MAP_llDmmSetThreshold)
                  00025294    00000044     drivers_cc23x0r5.a : AESCMACLPF3.c.obj (.text.AESCMACLPF3_generateSubKey)
                  000252d8    00000044     bleapputil_init.o (.text.BLEAppUtil_registerEventHandler)
                  0002531c    00000044     drivers_cc23x0r5.a : ECCInitLPF3SW.c.obj (.text.ECCInitLPF3SW_Curve25519)
                  00025360    00000044     OneLib.a : OneLib_Host_GATT_gatt_server.obj (.text.GATT_FindHandle)
                  000253a4    00000044              : OneLib_Host_GAP_gap_advertiser.obj (.text.GapAdv_disable)
                  000253e8    00000044              : OneLib_HCI_TL_hci_tl.obj (.text.HCI_Init)
                  0002542c    00000044              : OneLib_LL_ll_dfl.obj (.text.LL_DFL_FindEntry)
                  00025470    00000044              : OneLib_LL_ll_dfl.obj (.text.LL_DFL_Init)
                  000254b4    00000044              : OneLib_LL_ll_dfl.obj (.text.LL_DFL_RemoveEntry)
                  000254f8    00000044              : OneLib_LL_ll_enc.obj (.text.LL_ENC_EncryptMsg)
                  0002553c    00000044              : OneLib_LL_ll_privacy.obj (.text.LL_PRIV_ResolveRPA)
                  00025580    00000044              : OneLib_LL_ll_privacy.obj (.text.LL_PRIV_SetupPrivacy)
                  000255c4    00000044     app_peripheral.o (.text.Peripheral_start)
                  00025608    00000044     rcl_cc23x0r5.a : RCL_Buffer.c.obj (.text.RCL_MultiBuffer_ListInfo_init)
                  0002564c    00000044                    : RCL_Buffer.c.obj (.text.RCL_MultiBuffer_getBuffer)
                  00025690    00000044                    : RCL_Scheduler.c.obj (.text.RCL_Scheduler_postEvent)
                  000256d4    00000044                    : RCL.c.obj (.text.RCL_init)
                  00025718    00000044     ti_freertos_config.o (.text.SemaphoreP_construct)
                  0002575c    00000044     drivers_cc23x0r5.a : UART2LPF3.c.obj (.text.UART2LPF3_initIO)
                  000257a0    00000044     OneLib.a : OneLib_Host_L2CAP_l2cap_util.obj (.text.l2capParseCmdReject)
                  000257e4    00000044              : OneLib_Host_GAP_linkdb.obj (.text.linkDB_Find)
                  00025828    00000044              : OneLib_LL_ll_common.obj (.text.llAtLeastTwoChans)
                  0002586c    00000044              : OneLib_LL_ll_common.obj (.text.llPostSetupCtrlPktPeri)
                  000258b0    00000044              : OneLib_LL_ll_common.obj (.text.llProcessPostRfOps)
                  000258f4    00000044     StackWrapper.a : StackWrapper_OSAL_osal_timers.obj (.text.osalAddTimer)
                  00025938    00000044                    : StackWrapper_OSAL_osal_bufmgr.obj (.text.osal_bm_alloc)
                  0002597c    00000044                    : StackWrapper_OSAL_osal_timers.obj (.text.osal_start_timerEx)
                  000259c0    00000044     ti_freertos_config.o (.text.prvInsertBlockIntoFreeList)
                  00025a04    00000044     ti_freertos_config.o (.text.prvSampleTimeNow)
                  00025a48    00000044     ti_freertos_config.o (.text.pthread_mutex_init)
                  00025a8c    00000044     drivers_cc23x0r5.a : TemperatureLPF3.c.obj (.text.setNextThresholds)
                  00025ad0    00000044     OneLib.a : OneLib_Host_SM_sm_rsppairing.obj (.text.smpResponderProcessEncryptionInformation)
                  00025b14    00000044              : OneLib_Host_SM_sm_rsppairing.obj (.text.smpResponderProcessPairingReq)
                  00025b58    00000044     ti_freertos_config.o (.text.vQueueWaitForMessageRestricted)
                  00025b9c    00000004     OneLib.a : OneLib_Host_ATT_att_util.obj (.text.ATT_BuildReadBlobRsp)
                  00025ba0    00000044     ti_freertos_portable_config.o (.text.xPortPendSVHandler)
                  00025be4    00000044     ecc.a : lowlevelapi.c.obj (.text.zADD)
                  00025c28    00000042     OneLib.a : OneLib_Host_ATT_att_util.obj (.text.ATT_ParseFindByTypeValueReq)
                  00025c6a    00000042              : OneLib_LL_ll.obj (.text.LL_ReadLocalP256PublicKeyCmd)
                  00025cac    00000042              : OneLib_Host_L2CAP_l2cap_util.obj (.text.l2capNotifyData)
                  00025cee    00000042              : OneLib_Host_SM_sm_task.obj (.text.smProcessOSALMsg)
[...]
20006b2c  l2capFixedChannels                               
20006b5c  linkCBs                                          
20006b8c  AESECBLPF3_objects                               
20006bb8  mutex                                            
20006be4  rclSchedulerState                                
20006c34  operationCCM                                     
20006c98  RNG_instancePool                                 
20006cb8  gapBond_localOobData                             
20006cd8  localPrivKeyMaterial                             
20006cf8  req                                              
20006d50  CryptoResourceLPF3_hwi                           
20006d6c  clockHwi                                         
20006d88  gapParams                                        
20006da4  llPeriodicAdv                                    
20006dc0  workerThreadEntity                               
20006ddc  connOutput                                       
20006df4  rsp                                              
20006e34  operationComputeSharedSecret                     
20006e48  powerAwakeStandbyObj                             
20006e5c  powerEnterStandbyObj                             
20006e70  remoteTaskParams                                 
20006e84  sysTimerTimeouts                                 
20006e98  gLtkReqDetails                                   
20006eaa  deviceFeatureSet                                 
20006ebc  cryptoKey                                        
20006ecc  eccParams                                        
20006edc  encParamsCCM                                     
20006eec  encParamsECB                                     
20006efc  llTaskList                                       
20006f0c  localPrivateKey                                  
20006f1c  localPublicKey                                   
20006f2c  operationECB                                     
20006f3c  operationGeneratePublicKey                       
20006f4c  rankFLTable                                      
20006f5c  rclState                                         
20006f6c  remotePublicKey                                  
20006f7c  sharedSecret                                     
20006f8c  cachedTRNGdata                                   
20006f98  swParamList                                      
20006fc4  BLEAppUtil_theardEntity                          
20006fcc  POSIX_args                                       
20006fd4  RNGLPF3RF_objects                                
20006fdc  gParamUpdateReq                                  
20006fe4  gattReTxList                                     
20006fec  llConnEvtNotice                                  
20006ff4  llConns                                          
20006ffc  privInfo                                         
20007004  gapCurrentRandomAddr                             
2000700a  buildInfo                                        
2000700c  ownPublicAddr                                    
20007012  connInitialMaxTxOctets                           
20007014  ownRandomAddr                                    
2000701a  connInitialMaxTxTime                             
2000701c  ownSavedPublicAddr                               
20007022  verInfo                                          
20007028  defaultChannelMap                                
2000702d  secondaryAdvChannelMap                           
20007032  connInitialMaxTxTimeCoded                        
20007050  BDAddrPerConnHandle                              
20007054  RemoteTask                                       
20007058  SysBootMsg                                       
2000705c  activeConns                                      
20007060  alTable                                          
20007064  alTableScan                                      
20007068  appInitDoneHandler                               
2000706c  clientInfoTbl                                    
20007070  drbgHandle                                       
20007074  dtmInfo                                          
20007078  ecdhHandle                                       
2000707c  encHandleCCM                                     
20007080  encHandleECB                                     
20007084  errorHandlerCb                                   
20007088  extStackSettings                                 
2000708c  l2capChannels                                    
20007090  l2capPsm                                         
20007094  linkCmd                                          
20007098  linkDB                                           
2000709c  linkParam                                        
200070a0  nvsHandle                                        
200070a4  operationResult                                  
200070a8  osal_last_timestamp                              
200070ac  osal_max_msecs                                   
200070b0  osal_qHead                                       
200070b4  osal_syncHandle                                  
200070b8  osal_tickperiod                                  
200070bc  pNextAdvSet                                      
200070c0  pRfPathComp                                      
200070c4  prepareWritesTbl                                 
200070c8  resolvingList                                    
200070cc  serverInfoTbl                                    
200070d0  taskEndAction                                    
200070d4  tasksEvents                                      
200070d8  timerHead                                        
200070dc  trngHandle                                       
200070e0  txDataQ                                          
200070e4  uart                                             
200070e8  connInitialMaxTxTimeUncoded                      
200070ea  maximumPduSize                                   
200070ec  numHostBufs                                      
200070ee  postRfOperations                                 
200070f0  pwrmgr_attribute                                 
200070f2  supportedMaxRxOctets                             
200070f4  supportedMaxRxTime                               
200070f6  supportedMaxTxOctets                             
200070f8  supportedMaxTxTime                               
200070fa  GATTServApp_TaskID                               
200070fb  LL_TaskID                                        
200070fc  NVOCMP_size                                      
200070fd  adcNoiseHandlerState                             
200070fe  aeCurAdvEnableHandle                             
200070ff  aeCurConnHandle                                  
20007100  aeCurHandle                                      
20007101  alSize                                           
20007102  ctrlToHostEnable                                 
20007103  curTxPowerVal                                    
20007104  defaultPhy                                       
20007105  extInitIndex                                     
20007106  extScanIndex                                     
20007107  fastTxRespTime                                   
20007108  gAction                                          
20007109  gapDeviceAddrMode                                
2000710a  gapTaskID                                        
2000710b  gattNumConns                                     
2000710c  gattTaskID                                       
2000710d  hciGapTaskID                                     
2000710e  hciL2capTaskID                                   
2000710f  hciPTMenabled                                    
20007110  hciSmpTaskID                                     
20007111  hciTaskID                                        
20007112  hciTestTaskID                                    
20007113  hciVsEvtMask                                     
20007114  icall_liteTaskId                                 
20007115  l2capNumChannels                                 
20007116  l2capTaskID                                      
20007117  l2cap_gattServAppTaskID                          
20007118  linkDBNumConns                                   
20007119  llState                                          
2000711a  maxNumConns                                      
2000711b  maxNumTxDataBufs                                 
2000711c  maxTxPwrForDTM                                   
2000711d  numActiveAdvSets                                 
2000711e  numComplPkts                                     
2000711f  numComplPktsFlush                                
20007120  numComplPktsLimit                                
20007121  numTxDataBufs                                    
20007122  onePktPerEvt                                     
20007123  osal_entity                                      
20007124  peripheralAdvHandle_1                            
20007125  rfFeModeBias                                     
20007126  rlSize                                           
20007127  rxFifoFlowCtrl                                   
20007128  secondaryAdvChannelMapPopCount                   
20007129  slOverride                                       
2000712a  smGenerateDHKeyStatus                            
2000712b  smReadLocalP256PublicKeyStatus                   
2000712c  smTaskID                                         
20007200  gapAttrTbl                                       
20007390  HwiP_swiPIntNum                                  
20007568  gapBond_removeLRUBond                            
20007569  gapBond_syncRL                                   
20007584  gapBondStateNodeHead                             
20007588  gapBond_lruBondList                              
20007598  clientCbs                                        
200075ac  gapBond_remoteOobData                            
200075cc  gpioPinConfigs                                   
200076ec  GATTServApp_att_delayed_req                      
200076ed  GATTServApp_gatt_no_service_changed              
200076f0  pAttrValue                                       
200076f4  gattAttrTbl_gatt_no_service_changed              
20007704  gattAttrTbl                                      
200077e8  flag                                             
200077f4  expectedResponse                                 
200077fc  appMainPeriCentParams                            
20007804  initiateCmd                                      
20007810  appMainParams                                    
20007830  llUserConfig                                     
20007870  sm_eccKeys_sc_host_debug                         
200078d8  centAddrRes                                      
200078d9  resolvablePrivateAddressOnly                     
200078da  appearance                                       
200078e0  periConnParameters                               
200078e8  deviceName                                       
200078fe  smExpectAppKeysInd                               
200078ff  SM_appTaskID                                     
20007900  eccParams_NISTP256                               
20007924  rxDataQ                                          
20007948  gapProfileRole                                   
20007949  gapConfig_IRK                                    
20007959  gapConfig_SRK                                    
20007969  gapAppTaskID                                     
2000796a  gapEndAppTaskID                                  
2000796c  enckey                                           
2000798c  gapParameters                                    
200079ac  advParams1                                       
200079c8  scanResData1                                     
200079e1  hciEvtMaskLe                                     
200079e9  hciEvtMaskPage1                                  
200079f1  hciEvtMaskPage2                                  
200079fa  baseTaskID                                       
200079fc  connectionConnHandler                            
20007a08  connectionHciGAPHandler                          
20007a14  pairingPasscodeHandler                           
20007a20  PairingPairStateHandler                          
20007a2c  peripheralConnHandler                            
20007a38  peripheralAdvHandler                             
20007a5c  attDeviceName                                    
20007a86  bleUserCfg_maxPduSize                            
20007a88  maxSupportedAdvSets                              
20007a89  aePeripheralSCA                                  
20007a8a  extScanPriority                                  
20007a8c  extScanNumMissed                                 
20007a90  advSetList                                       
20007a94  extScanInfo                                      
20007a98  extInitInfo                                      
20007ac0  osal_eventloop_hook                              
20007ac4  osal_icallMsg_hook                               
20007acc  BLEAppUtilLocal_GeneralParams                    
20007ad0  BLEAppUtilLocal_PeriCentParams                   
20007ad4  BLEAppUtil_bondMgrCBs                            
20007b00  oadConnHandler                                   
20007b0c  rclHandles                                       
20007b1c  BLEAppUtilEventHandlersHead                      
20007b30  gapBondParams                                    
20007b4c  pPairingParams                                   
20007b50  pfnResponderCBs                                  
20007b54  pfnInitiatorCBs                                  
20007b64  halSchedFsmCb                                    
20007b68  halDispatchFsmCb                                 
20007b6c  halCommandFsmCb                                  
20007b70  bleAppServiceInfoTable                           
20007b7c  hciEvtMask                                       
20007b88  user0Cfg                                         
20007b9e  disconnectImmedConnId                            
20007baa  l2capMtuSize                                     
20007bb4  advCount                                         
20007bb5  updateState                                      
20007bb6  updateHandle                                     
20007bb7  advInit                                          
20007bb8  pGapAdvHostInfo                                  
20007bbc  terminateReason                                  
20007bbe  gParamUpdateConnHandle                           
20007bc0  pAuthLink                                        
20007bc4  indTaskId                                        
20007bc8  pClientSecCBs                                    
20007bcc  nextHandle                                       
20007bd0  pServiceList                                     
20007bd4  pfnServerProcessMsgCB                            
20007bd8  pfnClientProcessMsgCB                            
20007bdc  assertSubcause                                   
20007bdd  legacyMode                                       
20007be0  halAssertCback                                   
20007be4  bm_preReleaseBuffCB                              
20007bec  OSAL_timeSeconds                                 
20007bf4  fXtalInv                                         
20007bfc  l2capNumDataPkts                                 
20007bfd  flowCtrlTaskId                                   
20007bfe  flowCtrlFwdTaskId                                
20007bff  l2capNumPSM                                      
20007c00  l2capNumCoChannels                               
20007c01  l2capUserConfig                                  
20007c03  advData1                                         
20007c0a  pRandomAddress                                   
20007c15  appTaskID                                        
20007c18  ICall_dispatcher                                 
20007c1c  ICall_enterCriticalSection                       
20007c20  ICall_leaveCriticalSection                       
20007c24  RNGLPF3RF_noiseConditioningKeyWord0              
20007c28  RNGLPF3RF_noiseConditioningKeyWord1              
20007c2c  RNGLPF3RF_noiseConditioningKeyWord2              
20007c30  RNGLPF3RF_noiseConditioningKeyWord3              
20007c34  appAssertCback                                   
20007c38  attClientNotifyTxCB                              
20007c3c  attServerNotifyTxCB                              
20007c44  ggs_AppCBs                                       
20007c48  hci2HostCBs                                      
20007c50  pAdvDataEntry                                    
20007c54  pGapPeripheralConnCBs                            
20007c58  pRXWindowTask                                    
20007c5c  pSmResponderCBs                                  
20007c60  pfnBMAlloc                                       
20007c64  pfnBMFree                                        
20007c68  pfnBondMgrCBs                                    
20007c6c  pfnCentralConnCBs                                
20007c70  pfnPeripheralConnCBs                             
20007c74  pxCurrentTCB                                     
20007c7c  serviceCBsList                                   
20007c84  llUserConfig_maxPduSize                          
20007c86  maxExtAdvDataLen                                 
20007c88  smRspWaitingConnHandle                           
20007c8a  appearanceCharProps                              
20007c8b  att_sendRspOnly                                  
20007c8c  centAddrResCharProps                             
20007c8d  channel2usage                                    
20007c8e  defaultTxPowerDbm                                
20007c8f  deviceNameCharProps                              
20007c90  extScanChanMap                                   
20007c91  gapState                                         
20007c92  gapUnwantedTaskID                                
20007c93  gattAppTaskID                                    
20007c9c  l2capFlowCtrlMode                                
20007c9d  l2capId                                          
20007c9e  linkDB_secureConnectionOnlyMode                  
20007c9f  llUnhandleNextIntFlag                            
20007ca0  maxNumPrepareWrites                              
20007ca3  periConnParamCharProps                           
20007ca4  pwrmgr_initialized                               
20007ca5  qosDefaultPriorityAdvParameter                   
20007ca6  qosDefaultPriorityConnParameter                  
20007ca7  randomAddressConfigured                          
20007ca8  reqTaskId                                        
20007ca9  resolvablePrivateAddressOnlyCharProps            
20007cac  smAllowDebugKeysMode                             
20007cad  smAppProcessLTKRequest                           
20007cae  smAuthenPairingOnlyMode                          
20008c00  __stack                                          
20009000  __STACK_END                                      
20009000  __STACK_TOP                                      
4e020000  ccfg                                             
4e020000  ti_utils_build_GenMap_sym_CRC_CCFG_BOOT_CFG_begin
4e02000b  ti_utils_build_GenMap_sym_CRC_CCFG_BOOT_CFG_end  
4e020010  ti_utils_build_GenMap_sym_CRC_CCFG_begin         
4e02074b  ti_utils_build_GenMap_sym_CRC_CCFG_end           
4e0207d0  ti_utils_build_GenMap_sym_CRC_CCFG_DEBUG_begin   
4e0207fb  ti_utils_build_GenMap_sym_CRC_CCFG_DEBUG_end     
ffffffff  __TI_pprof_out_hndl                              
ffffffff  __TI_prof_data_size                              
ffffffff  __TI_prof_data_start                             
ffffffff  __binit__                                        
ffffffff  binit                                            
UNDEFED   RCL_Debug_assertProxy                            
UNDEFED   RCL_Profiling_eventHook                          
UNDEFED   __mpu_init                                       
UNDEFED   _system_post_cinit                               

[2114 symbols]
